\BOOKMARK [1][-]{section.1}{\376\377\000I\000n\000t\000r\000o\000d\000u\000c\000\343\000o}{}% 1
\BOOKMARK [2][-]{subsection.1.1}{\376\377\000S\000t\000e\000p\000\040\000d\000e\000\040\000s\000i\000m\000u\000l\000a\000\347\000\343\000o\000\040\000e\000\040\000s\000u\000a\000s\000\040\000f\000u\000n\000\347\000\365\000e\000s}{section.1}% 2
\BOOKMARK [3][-]{subsubsection.1.1.1}{\376\377\000R\000e\000f\000i\000n\000a\000n\000c\000i\000a\000m\000e\000n\000t\000o\000\040\000d\000a\000s\000\040\000e\000m\000p\000r\000e\000s\000a\000s\000\040\000i\000n\000s\000o\000l\000v\000e\000n\000t\000e\000s}{subsection.1.1}% 3
\BOOKMARK [3][-]{subsubsection.1.1.2}{\376\377\000F\000o\000r\000m\000a\000\347\000\343\000o\000\040\000d\000a\000s\000\040\000e\000x\000p\000e\000c\000t\000a\000t\000i\000v\000a\000s\000\040\000a\000g\000r\000e\000a\000g\000a\000d\000a\000s\000\040\000d\000e\000\040\000c\000r\000e\000s\000c\000i\000m\000e\000n\000t\000o\000\040\000e\000\040\000i\000n\000f\000l\000a\000\347\000\343\000o}{subsection.1.1}% 4
\BOOKMARK [3][-]{subsubsection.1.1.3}{\376\377\000C\000o\000m\000o\000\040\000\134\000a\000l\000p\000h\000a\000\040\000e\000\040\000\134\000b\000e\000t\000a\000\040\000s\000\343\000o\000\040\000c\000a\000l\000c\000u\000l\000a\000d\000o\000s\000?}{subsection.1.1}% 5
\BOOKMARK [3][-]{subsubsection.1.1.4}{\376\377\000S\000o\000r\000t\000e\000i\000o\000\040\000d\000o\000s\000\040\000c\000h\000o\000q\000u\000e\000s\000\040\000e\000x\000t\000e\000r\000n\000o\000s}{subsection.1.1}% 6
\BOOKMARK [3][-]{subsubsection.1.1.5}{\376\377\000A\000t\000u\000a\000l\000i\000z\000a\000\347\000\343\000o\000\040\000d\000a\000\040\000e\000c\000o\000n\000o\000m\000i\000a\000\040\000d\000a\000\040\000\341\000r\000e\000a\000\040\000d\000o\000\040\000e\000u\000r\000o}{subsection.1.1}% 7
\BOOKMARK [2][-]{subsection.1.2}{\376\377\000A\000t\000u\000a\000l\000i\000z\000a\000\347\000\343\000o\000\040\000d\000a\000\040\000t\000a\000x\000a\000\040\000b\000\341\000s\000i\000c\000a\000\040\000d\000e\000\040\000j\000u\000r\000o\000s}{section.1}% 8
\BOOKMARK [3][-]{subsubsection.1.2.1}{\376\377\000A\000p\000l\000i\000c\000a\000\347\000\343\000o\000\040\000d\000e\000\040\000u\000m\000\040\000c\000h\000o\000q\000u\000e\000\040\000d\000e\000\040\000c\000e\000n\000\341\000r\000i\000o}{subsection.1.2}% 9
\BOOKMARK [3][-]{subsubsection.1.2.2}{\376\377\000A\000t\000u\000a\000l\000i\000z\000a\000\347\000\343\000o\000\040\000d\000a\000\040\000t\000a\000x\000a\000\040\000d\000e\000\040\000j\000u\000r\000o\000s\000\040\000d\000o\000\040\000b\000a\000n\000c\000o\000\040\000c\000o\000m\000e\000r\000c\000i\000a\000l}{subsection.1.2}% 10
\BOOKMARK [3][-]{subsubsection.1.2.3}{\376\377\000E\000x\000p\000e\000c\000t\000a\000t\000i\000v\000a\000s\000\040\000e\000\040\000d\000e\000c\000i\000s\000\365\000e\000s\000\040\000d\000a\000s\000\040\000e\000m\000p\000r\000e\000s\000a\000s}{subsection.1.2}% 11
\BOOKMARK [3][-]{subsubsection.1.2.4}{\376\377\000M\000e\000r\000c\000a\000d\000o\000\040\000d\000e\000\040\000c\000r\000\351\000d\000i\000t\000o}{subsection.1.2}% 12
\BOOKMARK [3][-]{subsubsection.1.2.5}{\376\377\000M\000e\000r\000c\000a\000d\000o\000\040\000d\000e\000\040\000t\000r\000a\000b\000a\000l\000h\000o}{subsection.1.2}% 13
\BOOKMARK [3][-]{subsubsection.1.2.6}{\376\377\000D\000e\000f\000i\000n\000i\000\347\000\343\000o\000\040\000d\000o\000s\000\040\000s\000a\000l\000\341\000r\000i\000o\000s\000\040\000p\000e\000l\000a\000s\000\040\000e\000m\000p\000r\000e\000s\000a\000s}{subsection.1.2}% 14
\BOOKMARK [3][-]{subsubsection.1.2.7}{\376\377\000P\000r\000o\000d\000u\000\347\000\343\000o\000\040\000d\000a\000s\000\040\000e\000m\000p\000r\000e\000s\000a\000s}{subsection.1.2}% 15
\BOOKMARK [3][-]{subsubsection.1.2.8}{\376\377\000A\000t\000u\000a\000l\000i\000z\000a\000\347\000\343\000o\000\040\000d\000o\000s\000\040\000s\000a\000l\000\341\000r\000i\000o\000s\000\040\000d\000o\000s\000\040\000t\000r\000a\000b\000a\000l\000h\000a\000d\000o\000r\000e\000s}{subsection.1.2}% 16
\BOOKMARK [3][-]{subsubsection.1.2.9}{\376\377\000A\000t\000u\000a\000l\000i\000z\000a\000\347\000\343\000o\000\040\000d\000o\000s\000\040\000b\000e\000n\000e\000f\000\355\000c\000i\000o\000s\000\040\000s\000o\000c\000i\000a\000i\000s}{subsection.1.2}% 17
\BOOKMARK [3][-]{subsubsection.1.2.10}{\376\377\000L\000u\000c\000r\000o\000\040\000e\000s\000p\000e\000r\000a\000d\000o\000\040\000d\000o\000\040\000b\000a\000n\000c\000o}{subsection.1.2}% 18
\BOOKMARK [3][-]{subsubsection.1.2.11}{\376\377\000O\000r\000\347\000a\000m\000e\000n\000t\000o\000\040\000d\000o\000s\000\040\000t\000r\000a\000b\000a\000l\000h\000a\000d\000o\000r\000e\000s\000\040\000a\000t\000i\000v\000o\000s}{subsection.1.2}% 19
\BOOKMARK [3][-]{subsubsection.1.2.12}{\376\377\000O\000r\000\347\000a\000m\000e\000n\000t\000o\000\040\000d\000a\000s\000\040\000p\000e\000s\000s\000o\000a\000s\000\040\000i\000n\000a\000t\000i\000v\000a\000s}{subsection.1.2}% 20
\BOOKMARK [3][-]{subsubsection.1.2.13}{\376\377\000O\000r\000\347\000a\000m\000e\000n\000t\000o\000\040\000d\000o\000s\000\040\000p\000r\000o\000p\000r\000i\000e\000t\000\341\000r\000i\000o\000s\000\040\000d\000a\000s\000\040\000e\000m\000p\000r\000e\000s\000a\000s}{subsection.1.2}% 21
\BOOKMARK [3][-]{subsubsection.1.2.14}{\376\377\000O\000r\000\347\000a\000m\000e\000n\000t\000o\000\040\000d\000o\000\040\000p\000r\000o\000p\000r\000i\000e\000t\000\341\000r\000i\000o\000\040\000d\000o\000\040\000b\000a\000n\000c\000o}{subsection.1.2}% 22
\BOOKMARK [3][-]{subsubsection.1.2.15}{\376\377\000O\000r\000\347\000a\000m\000e\000n\000t\000o\000\040\000d\000e\000\040\000c\000o\000n\000s\000u\000m\000o\000\040\000d\000o\000\040\000g\000o\000v\000e\000r\000n\000o}{subsection.1.2}% 23
\BOOKMARK [3][-]{subsubsection.1.2.16}{\376\377\000E\000x\000p\000o\000r\000t\000a\000\347\000\365\000e\000s\000\040\000e\000\040\000i\000m\000p\000o\000r\000t\000a\000\347\000\365\000e\000s}{subsection.1.2}% 24
\BOOKMARK [3][-]{subsubsection.1.2.17}{\376\377\000P\000a\000r\000e\000a\000m\000e\000n\000t\000o\000\040\000n\000o\000s\000\040\000m\000e\000r\000c\000a\000d\000o\000s\000\040\000d\000e\000\040\000b\000e\000n\000s}{subsection.1.2}% 25
\BOOKMARK [3][-]{subsubsection.1.2.18}{\376\377\000I\000n\000f\000l\000a\000\347\000\343\000o\000\040\000e\000\040\000\355\000n\000d\000i\000c\000e\000\040\000g\000e\000r\000a\000l\000\040\000d\000e\000\040\000p\000r\000e\000\347\000o\000s}{subsection.1.2}% 26
