This is XeTeX, Version 3.141592653-2.6-0.999998 (TeX Live 2026) (preloaded format=xelatex 2026.7.8)  7 SEP 2026 21:01
entering extended mode
 restricted \write18 enabled.
 %&-line parsing enabled.
**Exercicio-Exploratorio-BeforeIT-Parte-2.tex
(./Exercicio-Exploratorio-BeforeIT-Parte-2.tex
LaTeX2e <2025-11-01>
L3 programming layer <2026-01-19>
(/usr/local/texlive/2026/texmf-dist/tex/latex/base/article.cls
Document Class: article 2025/01/22 v1.4n Standard LaTeX document class
(/usr/local/texlive/2026/texmf-dist/tex/latex/base/size11.clo
File: size11.clo 2025/01/22 v1.4n Standard LaTeX file (size option)
)
\c@part=\count271
\c@section=\count272
\c@subsection=\count273
\c@subsubsection=\count274
\c@paragraph=\count275
\c@subparagraph=\count276
\c@figure=\count277
\c@table=\count278
\abovecaptionskip=\skip49
\belowcaptionskip=\skip50
\bibindent=\dimen148
)
(/usr/local/texlive/2026/texmf-dist/tex/latex/tcolorbox/tcolorbox.sty
Package: tcolorbox 2025/11/28 version 6.9.0 text color boxes

(/usr/local/texlive/2026/texmf-dist/tex/latex/pgf/frontendlayer/tikz.sty
(/usr/local/texlive/2026/texmf-dist/tex/latex/pgf/basiclayer/pgf.sty
(/usr/local/texlive/2026/texmf-dist/tex/latex/pgf/utilities/pgfrcs.sty
(/usr/local/texlive/2026/texmf-dist/tex/generic/pgf/utilities/pgfutil-common.te
x
\pgfutil@everybye=\toks17
\pgfutil@tempdima=\dimen149
\pgfutil@tempdimb=\dimen150
)
(/usr/local/texlive/2026/texmf-dist/tex/generic/pgf/utilities/pgfutil-latex.def
\pgfutil@abb=\box53
) (/usr/local/texlive/2026/texmf-dist/tex/generic/pgf/utilities/pgfrcs.code.tex
(/usr/local/texlive/2026/texmf-dist/tex/generic/pgf/pgf.revision.tex)
Package: pgfrcs 2025-08-29 v3.1.11a (3.1.11a)
))
Package: pgf 2025-08-29 v3.1.11a (3.1.11a)

(/usr/local/texlive/2026/texmf-dist/tex/latex/pgf/basiclayer/pgfcore.sty
(/usr/local/texlive/2026/texmf-dist/tex/latex/graphics/graphicx.sty
Package: graphicx 2024/12/31 v1.2e Enhanced LaTeX Graphics (DPC,SPQR)

(/usr/local/texlive/2026/texmf-dist/tex/latex/graphics/keyval.sty
Package: keyval 2022/05/29 v1.15 key=value parser (DPC)
\KV@toks@=\toks18
)
(/usr/local/texlive/2026/texmf-dist/tex/latex/graphics/graphics.sty
Package: graphics 2024/08/06 v1.4g Standard LaTeX Graphics (DPC,SPQR)

(/usr/local/texlive/2026/texmf-dist/tex/latex/graphics/trig.sty
Package: trig 2023/12/02 v1.11 sin cos tan (DPC)
)
(/usr/local/texlive/2026/texmf-dist/tex/latex/graphics-cfg/graphics.cfg
File: graphics.cfg 2016/06/04 v1.11 sample graphics configuration
)
Package graphics Info: Driver file: xetex.def on input line 106.

(/usr/local/texlive/2026/texmf-dist/tex/latex/graphics-def/xetex.def
File: xetex.def 2025/11/01 v5.0p Graphics/color driver for xetex
))
\Gin@req@height=\dimen151
\Gin@req@width=\dimen152
)
(/usr/local/texlive/2026/texmf-dist/tex/latex/pgf/systemlayer/pgfsys.sty
(/usr/local/texlive/2026/texmf-dist/tex/generic/pgf/systemlayer/pgfsys.code.tex
Package: pgfsys 2025-08-29 v3.1.11a (3.1.11a)
(/usr/local/texlive/2026/texmf-dist/tex/generic/pgf/utilities/pgfkeys.code.tex
\pgfkeys@pathtoks=\toks19
\pgfkeys@temptoks=\toks20

(/usr/local/texlive/2026/texmf-dist/tex/generic/pgf/utilities/pgfkeyslibraryfil
tered.code.tex
\pgfkeys@tmptoks=\toks21
))
\pgf@x=\dimen153
\pgf@y=\dimen154
\pgf@xa=\dimen155
\pgf@ya=\dimen156
\pgf@xb=\dimen157
\pgf@yb=\dimen158
\pgf@xc=\dimen159
\pgf@yc=\dimen160
\pgf@xd=\dimen161
\pgf@yd=\dimen162
\w@pgf@writea=\write3
\r@pgf@reada=\read2
\c@pgf@counta=\count279
\c@pgf@countb=\count280
\c@pgf@countc=\count281
\c@pgf@countd=\count282
\t@pgf@toka=\toks22
\t@pgf@tokb=\toks23
\t@pgf@tokc=\toks24
\pgf@sys@id@count=\count283

(/usr/local/texlive/2026/texmf-dist/tex/generic/pgf/systemlayer/pgf.cfg
File: pgf.cfg 2025-08-29 v3.1.11a (3.1.11a)
)
Driver file for pgf: pgfsys-xetex.def

(/usr/local/texlive/2026/texmf-dist/tex/generic/pgf/systemlayer/pgfsys-xetex.de
f
File: pgfsys-xetex.def 2025-08-29 v3.1.11a (3.1.11a)

(/usr/local/texlive/2026/texmf-dist/tex/generic/pgf/systemlayer/pgfsys-dvipdfmx
.def
File: pgfsys-dvipdfmx.def 2025-08-29 v3.1.11a (3.1.11a)

(/usr/local/texlive/2026/texmf-dist/tex/generic/pgf/systemlayer/pgfsys-common-p
df.def
File: pgfsys-common-pdf.def 2025-08-29 v3.1.11a (3.1.11a)
)
\pgfsys@objnum=\count284
)))
(/usr/local/texlive/2026/texmf-dist/tex/generic/pgf/systemlayer/pgfsyssoftpath.
code.tex
File: pgfsyssoftpath.code.tex 2025-08-29 v3.1.11a (3.1.11a)
\pgfsyssoftpath@smallbuffer@items=\count285
\pgfsyssoftpath@bigbuffer@items=\count286
)
(/usr/local/texlive/2026/texmf-dist/tex/generic/pgf/systemlayer/pgfsysprotocol.
code.tex
File: pgfsysprotocol.code.tex 2025-08-29 v3.1.11a (3.1.11a)
)) (/usr/local/texlive/2026/texmf-dist/tex/latex/xcolor/xcolor.sty
Package: xcolor 2024/09/29 v3.02 LaTeX color extensions (UK)

(/usr/local/texlive/2026/texmf-dist/tex/latex/graphics-cfg/color.cfg
File: color.cfg 2016/01/02 v1.6 sample color configuration
)
Package xcolor Info: Driver file: xetex.def on input line 274.

(/usr/local/texlive/2026/texmf-dist/tex/latex/graphics/mathcolor.ltx)
Package xcolor Info: Model `cmy' substituted by `cmy0' on input line 1349.
Package xcolor Info: Model `RGB' extended on input line 1365.
Package xcolor Info: Model `HTML' substituted by `rgb' on input line 1367.
Package xcolor Info: Model `Hsb' substituted by `hsb' on input line 1368.
Package xcolor Info: Model `tHsb' substituted by `hsb' on input line 1369.
Package xcolor Info: Model `HSB' substituted by `hsb' on input line 1370.
Package xcolor Info: Model `Gray' substituted by `gray' on input line 1371.
Package xcolor Info: Model `wave' substituted by `hsb' on input line 1372.
)
(/usr/local/texlive/2026/texmf-dist/tex/generic/pgf/basiclayer/pgfcore.code.tex
Package: pgfcore 2025-08-29 v3.1.11a (3.1.11a)
(/usr/local/texlive/2026/texmf-dist/tex/generic/pgf/math/pgfmath.code.tex
(/usr/local/texlive/2026/texmf-dist/tex/generic/pgf/math/pgfmathutil.code.tex)
(/usr/local/texlive/2026/texmf-dist/tex/generic/pgf/math/pgfmathparser.code.tex
\pgfmath@dimen=\dimen163
\pgfmath@count=\count287
\pgfmath@box=\box54
\pgfmath@toks=\toks25
\pgfmath@stack@operand=\toks26
\pgfmath@stack@operation=\toks27
)
(/usr/local/texlive/2026/texmf-dist/tex/generic/pgf/math/pgfmathfunctions.code.
tex)
(/usr/local/texlive/2026/texmf-dist/tex/generic/pgf/math/pgfmathfunctions.basic
.code.tex)
(/usr/local/texlive/2026/texmf-dist/tex/generic/pgf/math/pgfmathfunctions.trigo
nometric.code.tex)
(/usr/local/texlive/2026/texmf-dist/tex/generic/pgf/math/pgfmathfunctions.rando
m.code.tex)
(/usr/local/texlive/2026/texmf-dist/tex/generic/pgf/math/pgfmathfunctions.compa
rison.code.tex)
(/usr/local/texlive/2026/texmf-dist/tex/generic/pgf/math/pgfmathfunctions.base.
code.tex)
(/usr/local/texlive/2026/texmf-dist/tex/generic/pgf/math/pgfmathfunctions.round
.code.tex)
(/usr/local/texlive/2026/texmf-dist/tex/generic/pgf/math/pgfmathfunctions.misc.
code.tex)
(/usr/local/texlive/2026/texmf-dist/tex/generic/pgf/math/pgfmathfunctions.integ
erarithmetics.code.tex)
(/usr/local/texlive/2026/texmf-dist/tex/generic/pgf/math/pgfmathcalc.code.tex)
(/usr/local/texlive/2026/texmf-dist/tex/generic/pgf/math/pgfmathfloat.code.tex
\c@pgfmathroundto@lastzeros=\count288
)) (/usr/local/texlive/2026/texmf-dist/tex/generic/pgf/math/pgfint.code.tex)
(/usr/local/texlive/2026/texmf-dist/tex/generic/pgf/basiclayer/pgfcorepoints.co
de.tex
File: pgfcorepoints.code.tex 2025-08-29 v3.1.11a (3.1.11a)
\pgf@picminx=\dimen164
\pgf@picmaxx=\dimen165
\pgf@picminy=\dimen166
\pgf@picmaxy=\dimen167
\pgf@pathminx=\dimen168
\pgf@pathmaxx=\dimen169
\pgf@pathminy=\dimen170
\pgf@pathmaxy=\dimen171
\pgf@xx=\dimen172
\pgf@xy=\dimen173
\pgf@yx=\dimen174
\pgf@yy=\dimen175
\pgf@zx=\dimen176
\pgf@zy=\dimen177
)
(/usr/local/texlive/2026/texmf-dist/tex/generic/pgf/basiclayer/pgfcorepathconst
ruct.code.tex
File: pgfcorepathconstruct.code.tex 2025-08-29 v3.1.11a (3.1.11a)
\pgf@path@lastx=\dimen178
\pgf@path@lasty=\dimen179
)
(/usr/local/texlive/2026/texmf-dist/tex/generic/pgf/basiclayer/pgfcorepathusage
.code.tex
File: pgfcorepathusage.code.tex 2025-08-29 v3.1.11a (3.1.11a)
\pgf@shorten@end@additional=\dimen180
\pgf@shorten@start@additional=\dimen181
)
(/usr/local/texlive/2026/texmf-dist/tex/generic/pgf/basiclayer/pgfcorescopes.co
de.tex
File: pgfcorescopes.code.tex 2025-08-29 v3.1.11a (3.1.11a)
\pgfpic=\box55
\pgf@hbox=\box56
\pgf@layerbox@main=\box57
\pgf@picture@serial@count=\count289
)
(/usr/local/texlive/2026/texmf-dist/tex/generic/pgf/basiclayer/pgfcoregraphicst
ate.code.tex
File: pgfcoregraphicstate.code.tex 2025-08-29 v3.1.11a (3.1.11a)
\pgflinewidth=\dimen182
)
(/usr/local/texlive/2026/texmf-dist/tex/generic/pgf/basiclayer/pgfcoretransform
ations.code.tex
File: pgfcoretransformations.code.tex 2025-08-29 v3.1.11a (3.1.11a)
\pgf@pt@x=\dimen183
\pgf@pt@y=\dimen184
\pgf@pt@temp=\dimen185
)
(/usr/local/texlive/2026/texmf-dist/tex/generic/pgf/basiclayer/pgfcorequick.cod
e.tex
File: pgfcorequick.code.tex 2025-08-29 v3.1.11a (3.1.11a)
)
(/usr/local/texlive/2026/texmf-dist/tex/generic/pgf/basiclayer/pgfcoreobjects.c
ode.tex
File: pgfcoreobjects.code.tex 2025-08-29 v3.1.11a (3.1.11a)
)
(/usr/local/texlive/2026/texmf-dist/tex/generic/pgf/basiclayer/pgfcorepathproce
ssing.code.tex
File: pgfcorepathprocessing.code.tex 2025-08-29 v3.1.11a (3.1.11a)
)
(/usr/local/texlive/2026/texmf-dist/tex/generic/pgf/basiclayer/pgfcorearrows.co
de.tex
File: pgfcorearrows.code.tex 2025-08-29 v3.1.11a (3.1.11a)
\pgfarrowsep=\dimen186
)
(/usr/local/texlive/2026/texmf-dist/tex/generic/pgf/basiclayer/pgfcoreshade.cod
e.tex
File: pgfcoreshade.code.tex 2025-08-29 v3.1.11a (3.1.11a)
\pgf@max=\dimen187
\pgf@sys@shading@range@num=\count290
\pgf@shadingcount=\count291
)
(/usr/local/texlive/2026/texmf-dist/tex/generic/pgf/basiclayer/pgfcoreimage.cod
e.tex
File: pgfcoreimage.code.tex 2025-08-29 v3.1.11a (3.1.11a)
)
(/usr/local/texlive/2026/texmf-dist/tex/generic/pgf/basiclayer/pgfcoreexternal.
code.tex
File: pgfcoreexternal.code.tex 2025-08-29 v3.1.11a (3.1.11a)
\pgfexternal@startupbox=\box58
)
(/usr/local/texlive/2026/texmf-dist/tex/generic/pgf/basiclayer/pgfcorelayers.co
de.tex
File: pgfcorelayers.code.tex 2025-08-29 v3.1.11a (3.1.11a)
)
(/usr/local/texlive/2026/texmf-dist/tex/generic/pgf/basiclayer/pgfcoretranspare
ncy.code.tex
File: pgfcoretransparency.code.tex 2025-08-29 v3.1.11a (3.1.11a)
)
(/usr/local/texlive/2026/texmf-dist/tex/generic/pgf/basiclayer/pgfcorepatterns.
code.tex
File: pgfcorepatterns.code.tex 2025-08-29 v3.1.11a (3.1.11a)
)
(/usr/local/texlive/2026/texmf-dist/tex/generic/pgf/basiclayer/pgfcorerdf.code.
tex
File: pgfcorerdf.code.tex 2025-08-29 v3.1.11a (3.1.11a)
)))
(/usr/local/texlive/2026/texmf-dist/tex/generic/pgf/modules/pgfmoduleshapes.cod
e.tex
File: pgfmoduleshapes.code.tex 2025-08-29 v3.1.11a (3.1.11a)
\pgfnodeparttextbox=\box59
)
(/usr/local/texlive/2026/texmf-dist/tex/generic/pgf/modules/pgfmoduleplot.code.
tex
File: pgfmoduleplot.code.tex 2025-08-29 v3.1.11a (3.1.11a)
)
(/usr/local/texlive/2026/texmf-dist/tex/latex/pgf/compatibility/pgfcomp-version
-0-65.sty
Package: pgfcomp-version-0-65 2025-08-29 v3.1.11a (3.1.11a)
\pgf@nodesepstart=\dimen188
\pgf@nodesepend=\dimen189
)
(/usr/local/texlive/2026/texmf-dist/tex/latex/pgf/compatibility/pgfcomp-version
-1-18.sty
Package: pgfcomp-version-1-18 2025-08-29 v3.1.11a (3.1.11a)
))
(/usr/local/texlive/2026/texmf-dist/tex/latex/pgf/utilities/pgffor.sty
(/usr/local/texlive/2026/texmf-dist/tex/latex/pgf/utilities/pgfkeys.sty
(/usr/local/texlive/2026/texmf-dist/tex/generic/pgf/utilities/pgfkeys.code.tex)
) (/usr/local/texlive/2026/texmf-dist/tex/latex/pgf/math/pgfmath.sty
(/usr/local/texlive/2026/texmf-dist/tex/generic/pgf/math/pgfmath.code.tex))
(/usr/local/texlive/2026/texmf-dist/tex/generic/pgf/utilities/pgffor.code.tex
Package: pgffor 2025-08-29 v3.1.11a (3.1.11a)
\pgffor@iter=\dimen190
\pgffor@skip=\dimen191
\pgffor@stack=\toks28
\pgffor@toks=\toks29
))
(/usr/local/texlive/2026/texmf-dist/tex/generic/pgf/frontendlayer/tikz/tikz.cod
e.tex
Package: tikz 2025-08-29 v3.1.11a (3.1.11a)

(/usr/local/texlive/2026/texmf-dist/tex/generic/pgf/libraries/pgflibraryplothan
dlers.code.tex
File: pgflibraryplothandlers.code.tex 2025-08-29 v3.1.11a (3.1.11a)
\pgf@plot@mark@count=\count292
\pgfplotmarksize=\dimen192
)
\tikz@lastx=\dimen193
\tikz@lasty=\dimen194
\tikz@lastxsaved=\dimen195
\tikz@lastysaved=\dimen196
\tikz@lastmovetox=\dimen197
\tikz@lastmovetoy=\dimen198
\tikzleveldistance=\dimen199
\tikzsiblingdistance=\dimen256
\tikz@figbox=\box60
\tikz@figbox@bg=\box61
\tikz@tempbox=\box62
\tikz@tempbox@bg=\box63
\tikztreelevel=\count293
\tikznumberofchildren=\count294
\tikznumberofcurrentchild=\count295
\tikz@fig@count=\count296

(/usr/local/texlive/2026/texmf-dist/tex/generic/pgf/modules/pgfmodulematrix.cod
e.tex
File: pgfmodulematrix.code.tex 2025-08-29 v3.1.11a (3.1.11a)
\pgfmatrixcurrentrow=\count297
\pgfmatrixcurrentcolumn=\count298
\pgf@matrix@numberofcolumns=\count299
)
\tikz@expandcount=\count300

(/usr/local/texlive/2026/texmf-dist/tex/generic/pgf/frontendlayer/tikz/librarie
s/tikzlibrarytopaths.code.tex
File: tikzlibrarytopaths.code.tex 2025-08-29 v3.1.11a (3.1.11a)
)))
(/usr/local/texlive/2026/texmf-dist/tex/latex/tools/verbatim.sty
Package: verbatim 2024-01-22 v1.5x LaTeX2e package for verbatim enhancements
\every@verbatim=\toks30
\verbatim@line=\toks31
\verbatim@in@stream=\read3
)
(/usr/local/texlive/2026/texmf-dist/tex/latex/environ/environ.sty
Package: environ 2014/05/04 v0.3 A new way to define environments

(/usr/local/texlive/2026/texmf-dist/tex/latex/trimspaces/trimspaces.sty
Package: trimspaces 2009/09/17 v1.1 Trim spaces around a token list
)
\@envbody=\toks32
)
(/usr/local/texlive/2026/texmf-dist/tex/latex/etoolbox/etoolbox.sty
Package: etoolbox 2025/10/02 v2.5m e-TeX tools for LaTeX (JAW)
\etb@tempcnta=\count301
)
\tcb@titlebox=\box64
\tcb@upperbox=\box65
\tcb@lowerbox=\box66
\tcb@phantombox=\box67
\c@tcbbreakpart=\count302
\c@tcblayer=\count303
\c@tcolorbox@number=\count304
\l__tcobox_tmpa_box=\box68
\l__tcobox_tmpa_dim=\dimen257
\tcb@temp=\box69
\tcb@temp=\box70
\tcb@temp=\box71
\tcb@temp=\box72

(/usr/local/texlive/2026/texmf-dist/tex/latex/tcolorbox/tcbbreakable.code.tex
Library (tcolorbox): 'tcbbreakable.code.tex' version '6.9.0'
(/usr/local/texlive/2026/texmf-dist/tex/latex/pdfcol/pdfcol.sty
Package: pdfcol 2022-09-21 v1.7 Handle new color stacks for pdfTeX (HO)

(/usr/local/texlive/2026/texmf-dist/tex/generic/ltxcmds/ltxcmds.sty
Package: ltxcmds 2023-12-04 v1.26 LaTeX kernel commands for general use (HO)
)
(/usr/local/texlive/2026/texmf-dist/tex/generic/infwarerr/infwarerr.sty
Package: infwarerr 2019/12/03 v1.5 Providing info/warning/error messages (HO)
)
(/usr/local/texlive/2026/texmf-dist/tex/generic/iftex/iftex.sty
Package: iftex 2024/12/12 v1.0g TeX engine tests
)
Package pdfcol Info: Interface disabled because of missing PDF mode of pdfTeX.
)
Package pdfcol Info: pdfTeX's color stacks are not available.
\tcb@testbox=\box73
\tcb@totalupperbox=\box74
\tcb@totallowerbox=\box75
))
(/usr/local/texlive/2026/texmf-dist/tex/latex/parskip/parskip.sty
Package: parskip 2021-03-14 v2.0h non-zero parskip adjustments

(/usr/local/texlive/2026/texmf-dist/tex/latex/kvoptions/kvoptions.sty
Package: kvoptions 2022-06-15 v3.15 Key value format for package options (HO)

(/usr/local/texlive/2026/texmf-dist/tex/latex/kvsetkeys/kvsetkeys.sty
Package: kvsetkeys 2022-10-05 v1.19 Key value parser (HO)
)))
(/usr/local/texlive/2026/texmf-dist/tex/latex/caption/caption.sty
Package: caption 2023/08/05 v3.6o Customizing captions (AR)

(/usr/local/texlive/2026/texmf-dist/tex/latex/caption/caption3.sty
Package: caption3 2023/07/31 v2.4d caption3 kernel (AR)
\caption@tempdima=\dimen258
\captionmargin=\dimen259
\caption@leftmargin=\dimen260
\caption@rightmargin=\dimen261
\caption@width=\dimen262
\caption@indent=\dimen263
\caption@parindent=\dimen264
\caption@hangindent=\dimen265
Package caption Info: Standard document class detected.
)
\c@caption@flags=\count305
\c@continuedfloat=\count306
)
(/usr/local/texlive/2026/texmf-dist/tex/latex/float/float.sty
Package: float 2001/11/08 v1.3d Float enhancements (AL)
\c@float@type=\count307
\float@exts=\toks33
\float@box=\box76
\@float@everytoks=\toks34
\@floatcapt=\box77
)
(/usr/local/texlive/2026/texmf-dist/tex/latex/tools/enumerate.sty
Package: enumerate 2023/07/04 v3.00 enumerate extensions (DPC)
\@enLab=\toks35
)
(/usr/local/texlive/2026/texmf-dist/tex/latex/geometry/geometry.sty
Package: geometry 2026/03/07 v6.0 Page Geometry

(/usr/local/texlive/2026/texmf-dist/tex/generic/iftex/ifvtex.sty
Package: ifvtex 2019/10/25 v1.7 ifvtex legacy package. Use iftex instead.
)
\Gm@cnth=\count308
\Gm@cntv=\count309
\c@Gm@tempcnt=\count310
\Gm@bindingoffset=\dimen266
\Gm@wd@mp=\dimen267
\Gm@odd@mp=\dimen268
\Gm@even@mp=\dimen269
\Gm@layoutwidth=\dimen270
\Gm@layoutheight=\dimen271
\Gm@layouthoffset=\dimen272
\Gm@layoutvoffset=\dimen273
\Gm@dimlist=\toks36
)
(/usr/local/texlive/2026/texmf-dist/tex/latex/amsmath/amsmath.sty
Package: amsmath 2025/07/09 v2.17z AMS math features
\@mathmargin=\skip51

For additional information on amsmath, use the `?' option.
(/usr/local/texlive/2026/texmf-dist/tex/latex/amsmath/amstext.sty
Package: amstext 2024/11/17 v2.01 AMS text

(/usr/local/texlive/2026/texmf-dist/tex/latex/amsmath/amsgen.sty
File: amsgen.sty 1999/11/30 v2.0 generic functions
\@emptytoks=\toks37
\ex@=\dimen274
))
(/usr/local/texlive/2026/texmf-dist/tex/latex/amsmath/amsbsy.sty
Package: amsbsy 1999/11/29 v1.2d Bold Symbols
\pmbraise@=\dimen275
)
(/usr/local/texlive/2026/texmf-dist/tex/latex/amsmath/amsopn.sty
Package: amsopn 2022/04/08 v2.04 operator names
)
\inf@bad=\count311
LaTeX Info: Redefining \frac on input line 233.
\uproot@=\count312
\leftroot@=\count313
LaTeX Info: Redefining \overline on input line 398.
LaTeX Info: Redefining \colon on input line 409.
\classnum@=\count314
\DOTSCASE@=\count315
LaTeX Info: Redefining \ldots on input line 495.
LaTeX Info: Redefining \dots on input line 498.
LaTeX Info: Redefining \cdots on input line 619.
\Mathstrutbox@=\box78
\strutbox@=\box79
LaTeX Info: Redefining \big on input line 721.
LaTeX Info: Redefining \Big on input line 722.
LaTeX Info: Redefining \bigg on input line 723.
LaTeX Info: Redefining \Bigg on input line 724.
\big@size=\dimen276
LaTeX Font Info:    Redeclaring font encoding OML on input line 742.
LaTeX Font Info:    Redeclaring font encoding OMS on input line 743.
\macc@depth=\count316
LaTeX Info: Redefining \bmod on input line 904.
LaTeX Info: Redefining \pmod on input line 909.
LaTeX Info: Redefining \smash on input line 939.
LaTeX Info: Redefining \relbar on input line 969.
LaTeX Info: Redefining \Relbar on input line 970.
\c@MaxMatrixCols=\count317
\dotsspace@=\muskip17
\c@parentequation=\count318
\dspbrk@lvl=\count319
\tag@help=\toks38
\row@=\count320
\column@=\count321
\maxfields@=\count322
\andhelp@=\toks39
\eqnshift@=\dimen277
\alignsep@=\dimen278
\tagshift@=\dimen279
\tagwidth@=\dimen280
\totwidth@=\dimen281
\lineht@=\dimen282
\@envbody=\toks40
\multlinegap=\skip52
\multlinetaggap=\skip53
\mathdisplay@stack=\toks41
LaTeX Info: Redefining \[ on input line 2950.
LaTeX Info: Redefining \] on input line 2951.
)
(/usr/local/texlive/2026/texmf-dist/tex/latex/amsfonts/amssymb.sty
Package: amssymb 2013/01/14 v3.01 AMS font symbols

(/usr/local/texlive/2026/texmf-dist/tex/latex/amsfonts/amsfonts.sty
Package: amsfonts 2013/01/14 v3.01 Basic AMSFonts support
\symAMSa=\mathgroup4
\symAMSb=\mathgroup5
LaTeX Font Info:    Redeclaring math symbol \hbar on input line 98.
LaTeX Font Info:    Overwriting math alphabet `\mathfrak' in version `bold'
(Font)                  U/euf/m/n --> U/euf/b/n on input line 106.
))
(/usr/local/texlive/2026/texmf-dist/tex/latex/base/textcomp.sty
Package: textcomp 2024/04/24 v2.1b Standard LaTeX package
)
(/usr/local/texlive/2026/texmf-dist/tex/latex/upquote/upquote.sty
Package: upquote 2012/04/19 v1.3 upright-quote and grave-accent glyphs in verba
tim
)
(/usr/local/texlive/2026/texmf-dist/tex/latex/eurosym/eurosym.sty
Package: eurosym 1998/08/06 v1.1 European currency symbol ``Euro''
\@eurobox=\box80
)
(/usr/local/texlive/2026/texmf-dist/tex/latex/fontspec/fontspec.sty
(/usr/local/texlive/2026/texmf-dist/tex/latex/l3packages/xparse/xparse.sty
(/usr/local/texlive/2026/texmf-dist/tex/latex/l3kernel/expl3.sty
Package: expl3 2026-01-19 L3 programming layer (loader) 

(/usr/local/texlive/2026/texmf-dist/tex/latex/l3backend/l3backend-xetex.def
File: l3backend-xetex.def 2025-10-09 L3 backend support: XeTeX
\g__graphics_track_int=\count323
\g__pdfannot_backend_int=\count324
\g__pdfannot_backend_link_int=\count325
))
Package: xparse 2025-10-09 L3 Experimental document command parser
)
Package: fontspec 2025/09/29 v2.9g Font selection for XeLaTeX and LuaLaTeX

(/usr/local/texlive/2026/texmf-dist/tex/latex/fontspec/fontspec-xetex.sty
Package: fontspec-xetex 2025/09/29 v2.9g Font selection for XeLaTeX and LuaLaTe
X
\l__fontspec_script_int=\count326
\l__fontspec_language_int=\count327
\l__fontspec_strnum_int=\count328
\l__fontspec_tmp_int=\count329
\l__fontspec_tmpa_int=\count330
\l__fontspec_tmpb_int=\count331
\l__fontspec_tmpc_int=\count332
\l__fontspec_em_int=\count333
\l__fontspec_emdef_int=\count334
\l__fontspec_strong_int=\count335
\l__fontspec_strongdef_int=\count336
\l__fontspec_tmpa_dim=\dimen283
\l__fontspec_tmpb_dim=\dimen284
\l__fontspec_tmpc_dim=\dimen285

(/usr/local/texlive/2026/texmf-dist/tex/latex/base/fontenc.sty
Package: fontenc 2025/07/18 v2.1d Standard LaTeX package
)
(/usr/local/texlive/2026/texmf-dist/tex/latex/fontspec/fontspec.cfg)))
(/usr/local/texlive/2026/texmf-dist/tex/latex/unicode-math/unicode-math.sty
Package: unicode-math 2023/08/13 v0.8r Unicode maths in XeLaTeX and LuaLaTeX

(/usr/local/texlive/2026/texmf-dist/tex/latex/unicode-math/unicode-math-xetex.s
ty
Package: unicode-math-xetex 2023/08/13 v0.8r Unicode maths in XeLaTeX and LuaLa
TeX

(/usr/local/texlive/2026/texmf-dist/tex/latex/l3packages/l3keys2e/l3keys2e.sty
Package: l3keys2e 2025-10-09 LaTeX2e option processing using LaTeX3 keys
) (/usr/local/texlive/2026/texmf-dist/tex/latex/base/fix-cm.sty
Package: fix-cm 2020/11/24 v1.1t fixes to LaTeX

(/usr/local/texlive/2026/texmf-dist/tex/latex/base/ts1enc.def
File: ts1enc.def 2001/06/05 v3.0e (jk/car/fm) Standard LaTeX file
LaTeX Font Info:    Redeclaring font encoding TS1 on input line 47.
LaTeX Encoding Info:    Redeclaring text command \capitalcedilla (encoding TS1)
 on input line 49.
LaTeX Encoding Info:    Redeclaring text command \capitalogonek (encoding TS1) 
on input line 52.
LaTeX Encoding Info:    Redeclaring text command \capitalgrave (encoding TS1) o
n input line 55.
LaTeX Encoding Info:    Redeclaring text command \capitalacute (encoding TS1) o
n input line 56.
LaTeX Encoding Info:    Redeclaring text command \capitalcircumflex (encoding T
S1) on input line 57.
LaTeX Encoding Info:    Redeclaring text command \capitaltilde (encoding TS1) o
n input line 58.
LaTeX Encoding Info:    Redeclaring text command \capitaldieresis (encoding TS1
) on input line 59.
LaTeX Encoding Info:    Redeclaring text command \capitalhungarumlaut (encoding
 TS1) on input line 60.
LaTeX Encoding Info:    Redeclaring text command \capitalring (encoding TS1) on
 input line 61.
LaTeX Encoding Info:    Redeclaring text command \capitalcaron (encoding TS1) o
n input line 62.
LaTeX Encoding Info:    Redeclaring text command \capitalbreve (encoding TS1) o
n input line 63.
LaTeX Encoding Info:    Redeclaring text command \capitalmacron (encoding TS1) 
on input line 64.
LaTeX Encoding Info:    Redeclaring text command \capitaldotaccent (encoding TS
1) on input line 65.
LaTeX Encoding Info:    Redeclaring text command \t (encoding TS1) on input lin
e 66.
LaTeX Encoding Info:    Redeclaring text command \capitaltie (encoding TS1) on 
input line 67.
LaTeX Encoding Info:    Redeclaring text command \newtie (encoding TS1) on inpu
t line 68.
LaTeX Encoding Info:    Redeclaring text command \capitalnewtie (encoding TS1) 
on input line 69.
LaTeX Encoding Info:    Redeclaring text symbol \textcapitalcompwordmark (encod
ing TS1) on input line 70.
LaTeX Encoding Info:    Redeclaring text symbol \textascendercompwordmark (enco
ding TS1) on input line 71.
LaTeX Encoding Info:    Redeclaring text symbol \textquotestraightbase (encodin
g TS1) on input line 72.
LaTeX Encoding Info:    Redeclaring text symbol \textquotestraightdblbase (enco
ding TS1) on input line 73.
LaTeX Encoding Info:    Redeclaring text symbol \texttwelveudash (encoding TS1)
 on input line 74.
LaTeX Encoding Info:    Redeclaring text symbol \textthreequartersemdash (encod
ing TS1) on input line 75.
LaTeX Encoding Info:    Redeclaring text symbol \textleftarrow (encoding TS1) o
n input line 76.
LaTeX Encoding Info:    Redeclaring text symbol \textrightarrow (encoding TS1) 
on input line 77.
LaTeX Encoding Info:    Redeclaring text symbol \textblank (encoding TS1) on in
put line 78.
LaTeX Encoding Info:    Redeclaring text symbol \textdollar (encoding TS1) on i
nput line 79.
LaTeX Encoding Info:    Redeclaring text symbol \textquotesingle (encoding TS1)
 on input line 80.
LaTeX Encoding Info:    Redeclaring text command \textasteriskcentered (encodin
g TS1) on input line 81.
LaTeX Encoding Info:    Redeclaring text symbol \textdblhyphen (encoding TS1) o
n input line 92.
LaTeX Encoding Info:    Redeclaring text symbol \textfractionsolidus (encoding 
TS1) on input line 93.
LaTeX Encoding Info:    Redeclaring text symbol \textzerooldstyle (encoding TS1
) on input line 94.
LaTeX Encoding Info:    Redeclaring text symbol \textoneoldstyle (encoding TS1)
 on input line 95.
LaTeX Encoding Info:    Redeclaring text symbol \texttwooldstyle (encoding TS1)
 on input line 96.
LaTeX Encoding Info:    Redeclaring text symbol \textthreeoldstyle (encoding TS
1) on input line 97.
LaTeX Encoding Info:    Redeclaring text symbol \textfouroldstyle (encoding TS1
) on input line 98.
LaTeX Encoding Info:    Redeclaring text symbol \textfiveoldstyle (encoding TS1
) on input line 99.
LaTeX Encoding Info:    Redeclaring text symbol \textsixoldstyle (encoding TS1)
 on input line 100.
LaTeX Encoding Info:    Redeclaring text symbol \textsevenoldstyle (encoding TS
1) on input line 101.
LaTeX Encoding Info:    Redeclaring text symbol \texteightoldstyle (encoding TS
1) on input line 102.
LaTeX Encoding Info:    Redeclaring text symbol \textnineoldstyle (encoding TS1
) on input line 103.
LaTeX Encoding Info:    Redeclaring text symbol \textlangle (encoding TS1) on i
nput line 104.
LaTeX Encoding Info:    Redeclaring text symbol \textminus (encoding TS1) on in
put line 105.
LaTeX Encoding Info:    Redeclaring text symbol \textrangle (encoding TS1) on i
nput line 106.
LaTeX Encoding Info:    Redeclaring text symbol \textmho (encoding TS1) on inpu
t line 107.
LaTeX Encoding Info:    Redeclaring text symbol \textbigcircle (encoding TS1) o
n input line 108.
LaTeX Encoding Info:    Redeclaring text command \textcircled (encoding TS1) on
 input line 109.
LaTeX Encoding Info:    Redeclaring text symbol \textohm (encoding TS1) on inpu
t line 115.
LaTeX Encoding Info:    Redeclaring text symbol \textlbrackdbl (encoding TS1) o
n input line 116.
LaTeX Encoding Info:    Redeclaring text symbol \textrbrackdbl (encoding TS1) o
n input line 117.
LaTeX Encoding Info:    Redeclaring text symbol \textuparrow (encoding TS1) on 
input line 118.
LaTeX Encoding Info:    Redeclaring text symbol \textdownarrow (encoding TS1) o
n input line 119.
LaTeX Encoding Info:    Redeclaring text symbol \textasciigrave (encoding TS1) 
on input line 120.
LaTeX Encoding Info:    Redeclaring text symbol \textborn (encoding TS1) on inp
ut line 121.
LaTeX Encoding Info:    Redeclaring text symbol \textdivorced (encoding TS1) on
 input line 122.
LaTeX Encoding Info:    Redeclaring text symbol \textdied (encoding TS1) on inp
ut line 123.
LaTeX Encoding Info:    Redeclaring text symbol \textleaf (encoding TS1) on inp
ut line 124.
LaTeX Encoding Info:    Redeclaring text symbol \textmarried (encoding TS1) on 
input line 125.
LaTeX Encoding Info:    Redeclaring text symbol \textmusicalnote (encoding TS1)
 on input line 126.
LaTeX Encoding Info:    Redeclaring text symbol \texttildelow (encoding TS1) on
 input line 127.
LaTeX Encoding Info:    Redeclaring text symbol \textdblhyphenchar (encoding TS
1) on input line 128.
LaTeX Encoding Info:    Redeclaring text symbol \textasciibreve (encoding TS1) 
on input line 129.
LaTeX Encoding Info:    Redeclaring text symbol \textasciicaron (encoding TS1) 
on input line 130.
LaTeX Encoding Info:    Redeclaring text symbol \textacutedbl (encoding TS1) on
 input line 131.
LaTeX Encoding Info:    Redeclaring text symbol \textgravedbl (encoding TS1) on
 input line 132.
LaTeX Encoding Info:    Redeclaring text symbol \textdagger (encoding TS1) on i
nput line 133.
LaTeX Encoding Info:    Redeclaring text symbol \textdaggerdbl (encoding TS1) o
n input line 134.
LaTeX Encoding Info:    Redeclaring text symbol \textbardbl (encoding TS1) on i
nput line 135.
LaTeX Encoding Info:    Redeclaring text symbol \textperthousand (encoding TS1)
 on input line 136.
LaTeX Encoding Info:    Redeclaring text symbol \textbullet (encoding TS1) on i
nput line 137.
LaTeX Encoding Info:    Redeclaring text symbol \textcelsius (encoding TS1) on 
input line 138.
LaTeX Encoding Info:    Redeclaring text symbol \textdollaroldstyle (encoding T
S1) on input line 139.
LaTeX Encoding Info:    Redeclaring text symbol \textcentoldstyle (encoding TS1
) on input line 140.
LaTeX Encoding Info:    Redeclaring text symbol \textflorin (encoding TS1) on i
nput line 141.
LaTeX Encoding Info:    Redeclaring text symbol \textcolonmonetary (encoding TS
1) on input line 142.
LaTeX Encoding Info:    Redeclaring text symbol \textwon (encoding TS1) on inpu
t line 143.
LaTeX Encoding Info:    Redeclaring text symbol \textnaira (encoding TS1) on in
put line 144.
LaTeX Encoding Info:    Redeclaring text symbol \textguarani (encoding TS1) on 
input line 145.
LaTeX Encoding Info:    Redeclaring text symbol \textpeso (encoding TS1) on inp
ut line 146.
LaTeX Encoding Info:    Redeclaring text symbol \textlira (encoding TS1) on inp
ut line 147.
LaTeX Encoding Info:    Redeclaring text symbol \textrecipe (encoding TS1) on i
nput line 148.
LaTeX Encoding Info:    Redeclaring text symbol \textinterrobang (encoding TS1)
 on input line 149.
LaTeX Encoding Info:    Redeclaring text symbol \textinterrobangdown (encoding 
TS1) on input line 150.
LaTeX Encoding Info:    Redeclaring text symbol \textdong (encoding TS1) on inp
ut line 151.
LaTeX Encoding Info:    Redeclaring text symbol \texttrademark (encoding TS1) o
n input line 152.
LaTeX Encoding Info:    Redeclaring text symbol \textpertenthousand (encoding T
S1) on input line 153.
LaTeX Encoding Info:    Redeclaring text symbol \textpilcrow (encoding TS1) on 
input line 154.
LaTeX Encoding Info:    Redeclaring text symbol \textbaht (encoding TS1) on inp
ut line 155.
LaTeX Encoding Info:    Redeclaring text symbol \textnumero (encoding TS1) on i
nput line 156.
LaTeX Encoding Info:    Redeclaring text symbol \textdiscount (encoding TS1) on
 input line 157.
LaTeX Encoding Info:    Redeclaring text symbol \textestimated (encoding TS1) o
n input line 158.
LaTeX Encoding Info:    Redeclaring text symbol \textopenbullet (encoding TS1) 
on input line 159.
LaTeX Encoding Info:    Redeclaring text symbol \textservicemark (encoding TS1)
 on input line 160.
LaTeX Encoding Info:    Redeclaring text symbol \textlquill (encoding TS1) on i
nput line 161.
LaTeX Encoding Info:    Redeclaring text symbol \textrquill (encoding TS1) on i
nput line 162.
LaTeX Encoding Info:    Redeclaring text symbol \textcent (encoding TS1) on inp
ut line 163.
LaTeX Encoding Info:    Redeclaring text symbol \textsterling (encoding TS1) on
 input line 164.
LaTeX Encoding Info:    Redeclaring text symbol \textcurrency (encoding TS1) on
 input line 165.
LaTeX Encoding Info:    Redeclaring text symbol \textyen (encoding TS1) on inpu
t line 166.
LaTeX Encoding Info:    Redeclaring text symbol \textbrokenbar (encoding TS1) o
n input line 167.
LaTeX Encoding Info:    Redeclaring text symbol \textsection (encoding TS1) on 
input line 168.
LaTeX Encoding Info:    Redeclaring text symbol \textasciidieresis (encoding TS
1) on input line 169.
LaTeX Encoding Info:    Redeclaring text symbol \textcopyright (encoding TS1) o
n input line 170.
LaTeX Encoding Info:    Redeclaring text symbol \textordfeminine (encoding TS1)
 on input line 171.
LaTeX Encoding Info:    Redeclaring text symbol \textcopyleft (encoding TS1) on
 input line 172.
LaTeX Encoding Info:    Redeclaring text symbol \textlnot (encoding TS1) on inp
ut line 173.
LaTeX Encoding Info:    Redeclaring text symbol \textcircledP (encoding TS1) on
 input line 174.
LaTeX Encoding Info:    Redeclaring text symbol \textregistered (encoding TS1) 
on input line 175.
LaTeX Encoding Info:    Redeclaring text symbol \textasciimacron (encoding TS1)
 on input line 176.
LaTeX Encoding Info:    Redeclaring text symbol \textdegree (encoding TS1) on i
nput line 177.
LaTeX Encoding Info:    Redeclaring text symbol \textpm (encoding TS1) on input
 line 178.
LaTeX Encoding Info:    Redeclaring text symbol \texttwosuperior (encoding TS1)
 on input line 179.
LaTeX Encoding Info:    Redeclaring text symbol \textthreesuperior (encoding TS
1) on input line 180.
LaTeX Encoding Info:    Redeclaring text symbol \textasciiacute (encoding TS1) 
on input line 181.
LaTeX Encoding Info:    Redeclaring text symbol \textmu (encoding TS1) on input
 line 182.
LaTeX Encoding Info:    Redeclaring text symbol \textparagraph (encoding TS1) o
n input line 183.
LaTeX Encoding Info:    Redeclaring text symbol \textperiodcentered (encoding T
S1) on input line 184.
LaTeX Encoding Info:    Redeclaring text symbol \textreferencemark (encoding TS
1) on input line 185.
LaTeX Encoding Info:    Redeclaring text symbol \textonesuperior (encoding TS1)
 on input line 186.
LaTeX Encoding Info:    Redeclaring text symbol \textordmasculine (encoding TS1
) on input line 187.
LaTeX Encoding Info:    Redeclaring text symbol \textsurd (encoding TS1) on inp
ut line 188.
LaTeX Encoding Info:    Redeclaring text symbol \textonequarter (encoding TS1) 
on input line 189.
LaTeX Encoding Info:    Redeclaring text symbol \textonehalf (encoding TS1) on 
input line 190.
LaTeX Encoding Info:    Redeclaring text symbol \textthreequarters (encoding TS
1) on input line 191.
LaTeX Encoding Info:    Redeclaring text symbol \texteuro (encoding TS1) on inp
ut line 192.
LaTeX Encoding Info:    Redeclaring text symbol \texttimes (encoding TS1) on in
put line 193.
LaTeX Encoding Info:    Redeclaring text symbol \textdiv (encoding TS1) on inpu
t line 194.
))
\g__um_fam_int=\count337
\g__um_fonts_used_int=\count338
\l__um_primecount_int=\count339
\g__um_primekern_muskip=\muskip18

(/usr/local/texlive/2026/texmf-dist/tex/latex/unicode-math/unicode-math-table.t
ex))) (/usr/local/texlive/2026/texmf-dist/tex/latex/fancyvrb/fancyvrb.sty
Package: fancyvrb 2025/07/28 4.6 verbatim text (tvz,hv)
\FV@CodeLineNo=\count340
\FV@InFile=\read4
\FV@TabBox=\box81
\c@FancyVerbLine=\count341
\FV@StepNumber=\count342
\FV@OutFile=\write4
)
(/usr/local/texlive/2026/texmf-dist/tex/latex/grffile/grffile.sty
Package: grffile 2019/11/11 v2.1 Extended file name support for graphics (legac
y)
Package grffile Info: This package is an empty stub for compatibility on input 
line 40.
)
(/usr/local/texlive/2026/texmf-dist/tex/latex/adjustbox/adjustbox.sty
Package: adjustbox 2025/02/26 v1.3c Adjusting TeX boxes (trim, clip, ...)

(/usr/local/texlive/2026/texmf-dist/tex/latex/xkeyval/xkeyval.sty
Package: xkeyval 2025/11/04 v2.10 package option processing (HA)

(/usr/local/texlive/2026/texmf-dist/tex/generic/xkeyval/xkeyval.tex
(/usr/local/texlive/2026/texmf-dist/tex/generic/xkeyval/xkvutils.tex
\XKV@toks=\toks42
\XKV@tempa@toks=\toks43
\XKV@tempb@toks=\toks44
)
\XKV@depth=\count343
File: xkeyval.tex 2014/12/03 v2.7a key=value parser (HA)
))
(/usr/local/texlive/2026/texmf-dist/tex/latex/adjustbox/adjcalc.sty
Package: adjcalc 2012/05/16 v1.1 Provides advanced setlength with multiple back
-ends (calc, etex, pgfmath)
)
(/usr/local/texlive/2026/texmf-dist/tex/latex/adjustbox/trimclip.sty
Package: trimclip 2025/02/21 v1.2a Trim and clip general TeX material

(/usr/local/texlive/2026/texmf-dist/tex/latex/collectbox/collectbox.sty
Package: collectbox 2022/10/17 v0.4c Collect macro arguments as boxes
\collectedbox=\box82
)
\tc@llx=\dimen286
\tc@lly=\dimen287
\tc@urx=\dimen288
\tc@ury=\dimen289
Package trimclip Info: Using driver 'tc-xetex.def'.

(/usr/local/texlive/2026/texmf-dist/tex/latex/adjustbox/tc-xetex.def
File: tc-xetex.def 2019/01/04 v2.2 Clipping driver for xetex
))
\adjbox@Width=\dimen290
\adjbox@Height=\dimen291
\adjbox@Depth=\dimen292
\adjbox@Totalheight=\dimen293
\adjbox@pwidth=\dimen294
\adjbox@pheight=\dimen295
\adjbox@pdepth=\dimen296
\adjbox@ptotalheight=\dimen297

(/usr/local/texlive/2026/texmf-dist/tex/latex/ifoddpage/ifoddpage.sty
Package: ifoddpage 2022/10/18 v1.2 Conditionals for odd/even page detection
\c@checkoddpage=\count344
)
(/usr/local/texlive/2026/texmf-dist/tex/latex/varwidth/varwidth.sty
Package: varwidth 2009/03/30 ver 0.92;  Variable-width minipages
\@vwid@box=\box83
\sift@deathcycles=\count345
\@vwid@loff=\dimen298
\@vwid@roff=\dimen299
)
==> First Aid for varwidth.sty applied!
) (/usr/local/texlive/2026/texmf-dist/tex/latex/hyperref/hyperref.sty
Package: hyperref 2026-01-29 v7.01p Hypertext links for LaTeX

(/usr/local/texlive/2026/texmf-dist/tex/generic/kvdefinekeys/kvdefinekeys.sty
Package: kvdefinekeys 2019-12-19 v1.6 Define keys (HO)
)
(/usr/local/texlive/2026/texmf-dist/tex/generic/pdfescape/pdfescape.sty
Package: pdfescape 2019/12/09 v1.15 Implements pdfTeX's escape features (HO)

(/usr/local/texlive/2026/texmf-dist/tex/generic/pdftexcmds/pdftexcmds.sty
Package: pdftexcmds 2020-06-27 v0.33 Utility functions of pdfTeX for LuaTeX (HO
)
Package pdftexcmds Info: \pdf@primitive is available.
Package pdftexcmds Info: \pdf@ifprimitive is available.
Package pdftexcmds Info: \pdfdraftmode not found.
))
(/usr/local/texlive/2026/texmf-dist/tex/latex/hycolor/hycolor.sty
Package: hycolor 2020-01-27 v1.10 Color options for hyperref/bookmark (HO)
)
(/usr/local/texlive/2026/texmf-dist/tex/latex/hyperref/nameref.sty
Package: nameref 2026-01-29 v2.58 Cross-referencing by name of section

(/usr/local/texlive/2026/texmf-dist/tex/latex/refcount/refcount.sty
Package: refcount 2019/12/15 v3.6 Data extraction from label references (HO)
)
(/usr/local/texlive/2026/texmf-dist/tex/generic/gettitlestring/gettitlestring.s
ty
Package: gettitlestring 2019/12/15 v1.6 Cleanup title references (HO)
)
\c@section@level=\count346
) (/usr/local/texlive/2026/texmf-dist/tex/generic/stringenc/stringenc.sty
Package: stringenc 2019/11/29 v1.12 Convert strings between diff. encodings (HO
)
)
\@linkdim=\dimen300
\Hy@linkcounter=\count347
\Hy@pagecounter=\count348

(/usr/local/texlive/2026/texmf-dist/tex/latex/hyperref/pd1enc.def
File: pd1enc.def 2026-01-29 v7.01p Hyperref: PDFDocEncoding definition (HO)
)
(/usr/local/texlive/2026/texmf-dist/tex/generic/intcalc/intcalc.sty
Package: intcalc 2019/12/15 v1.3 Expandable calculations with integers (HO)
)
\Hy@SavedSpaceFactor=\count349

(/usr/local/texlive/2026/texmf-dist/tex/latex/hyperref/puenc.def
File: puenc.def 2026-01-29 v7.01p Hyperref: PDF Unicode definition (HO)
)
Package hyperref Info: Hyper figures OFF on input line 4201.
Package hyperref Info: Link nesting OFF on input line 4206.
Package hyperref Info: Hyper index ON on input line 4209.
Package hyperref Info: Plain pages OFF on input line 4216.
Package hyperref Info: Backreferencing OFF on input line 4221.
Package hyperref Info: Implicit mode ON; LaTeX internals redefined.
Package hyperref Info: Bookmarks ON on input line 4468.
\c@Hy@tempcnt=\count350

(/usr/local/texlive/2026/texmf-dist/tex/latex/url/url.sty
\Urlmuskip=\muskip19
Package: url 2013/09/16  ver 3.4  Verb mode for urls, etc.
)
LaTeX Info: Redefining \url on input line 4807.
\XeTeXLinkMargin=\dimen301

(/usr/local/texlive/2026/texmf-dist/tex/generic/bitset/bitset.sty
Package: bitset 2019/12/09 v1.3 Handle bit-vector datatype (HO)

(/usr/local/texlive/2026/texmf-dist/tex/generic/bigintcalc/bigintcalc.sty
Package: bigintcalc 2019/12/15 v1.5 Expandable calculations on big integers (HO
)
))
\Fld@menulength=\count351
\Field@Width=\dimen302
\Fld@charsize=\dimen303
Package hyperref Info: Hyper figures OFF on input line 6084.
Package hyperref Info: Link nesting OFF on input line 6089.
Package hyperref Info: Hyper index ON on input line 6092.
Package hyperref Info: backreferencing OFF on input line 6099.
Package hyperref Info: Link coloring OFF on input line 6104.
Package hyperref Info: Link coloring with OCG OFF on input line 6109.
Package hyperref Info: PDF/A mode OFF on input line 6114.
\Hy@abspage=\count352
\c@Item=\count353
\c@Hfootnote=\count354
)
Package hyperref Info: Driver (autodetected): hxetex.

(/usr/local/texlive/2026/texmf-dist/tex/latex/hyperref/hxetex.def
File: hxetex.def 2026-01-29 v7.01p Hyperref driver for XeTeX
\pdfm@box=\box84
\c@Hy@AnnotLevel=\count355
\HyField@AnnotCount=\count356
\Fld@listcount=\count357
\c@bookmark@seq@number=\count358

(/usr/local/texlive/2026/texmf-dist/tex/latex/rerunfilecheck/rerunfilecheck.sty
Package: rerunfilecheck 2025-06-21 v1.11 Rerun checks for auxiliary files (HO)

(/usr/local/texlive/2026/texmf-dist/tex/generic/uniquecounter/uniquecounter.sty
Package: uniquecounter 2019/12/15 v1.4 Provide unlimited unique counter (HO)
)
Package uniquecounter Info: New unique counter `rerunfilecheck' on input line 2
84.
)
\Hy@SectionHShift=\skip54
) (/usr/local/texlive/2026/texmf-dist/tex/latex/titling/titling.sty
Package: titling 2009/09/04 v2.1d maketitle typesetting
\thanksmarkwidth=\skip55
\thanksmargin=\skip56
\droptitle=\skip57
)
(/usr/local/texlive/2026/texmf-dist/tex/latex/tools/longtable.sty
Package: longtable 2025-10-13 v4.24 Multi-page Table package (DPC)
\LTleft=\skip58
\LTright=\skip59
\LTpre=\skip60
\LTpost=\skip61
\LTchunksize=\count359
\LTcapwidth=\dimen304
\LT@head=\box85
\LT@firsthead=\box86
\LT@foot=\box87
\LT@lastfoot=\box88
\LT@gbox=\box89
\LT@cols=\count360
\LT@rows=\count361
\c@LT@tables=\count362
\c@LT@chunks=\count363
\LT@p@ftn=\toks45
)
(/usr/local/texlive/2026/texmf-dist/tex/latex/booktabs/booktabs.sty
Package: booktabs 2020/01/12 v1.61803398 Publication quality tables
\heavyrulewidth=\dimen305
\lightrulewidth=\dimen306
\cmidrulewidth=\dimen307
\belowrulesep=\dimen308
\belowbottomsep=\dimen309
\aboverulesep=\dimen310
\abovetopsep=\dimen311
\cmidrulesep=\dimen312
\cmidrulekern=\dimen313
\defaultaddspace=\dimen314
\@cmidla=\count364
\@cmidlb=\count365
\@aboverulesep=\dimen315
\@belowrulesep=\dimen316
\@thisruleclass=\count366
\@lastruleclass=\count367
\@thisrulewidth=\dimen317
)
(/usr/local/texlive/2026/texmf-dist/tex/latex/tools/array.sty
Package: array 2025/09/25 v2.6n Tabular extension package (FMi)
\col@sep=\dimen318
\ar@mcellbox=\box90
\extrarowheight=\dimen319
\NC@list=\toks46
\extratabsurround=\skip62
\backup@length=\skip63
\ar@cellbox=\box91
)
(/usr/local/texlive/2026/texmf-dist/tex/latex/tools/calc.sty
Package: calc 2025/03/01 v4.3b Infix arithmetic (KKT,FJ)
\calc@Acount=\count368
\calc@Bcount=\count369
\calc@Adimen=\dimen320
\calc@Bdimen=\dimen321
\calc@Askip=\skip64
\calc@Bskip=\skip65
LaTeX Info: Redefining \setlength on input line 86.
LaTeX Info: Redefining \addtolength on input line 87.
\calc@Ccount=\count370
\calc@Cskip=\skip66
)
(/usr/local/texlive/2026/texmf-dist/tex/latex/enumitem/enumitem.sty
Package: enumitem 2025/02/06 v3.11 Customized lists
\labelindent=\skip67
\enit@outerparindent=\dimen322
\enit@toks=\toks47
\enit@inbox=\box92
\enit@count@id=\count371
\enitdp@description=\count372
)
(/usr/local/texlive/2026/texmf-dist/tex/generic/ulem/ulem.sty
\UL@box=\box93
\UL@hyphenbox=\box94
\UL@skip=\skip68
\UL@hook=\toks48
\UL@height=\dimen323
\UL@pe=\count373
\UL@pixel=\dimen324
\ULC@box=\box95
Package: ulem 2019/11/18
\ULdepth=\dimen325
)
(/usr/local/texlive/2026/texmf-dist/tex/generic/soul/soul.sty
Package: soul 2026-03-06 v3.2 Permit use of UTF-8 characters in soul (HO)

(/usr/local/texlive/2026/texmf-dist/tex/generic/soul/soul-ori.sty
Package: soul-ori 2026-03-06 v3.2 letterspacing/underlining (mf)
\SOUL@word=\toks49
\SOUL@lasttoken=\toks50
\SOUL@syllable=\toks51
\SOUL@cmds=\toks52
\SOUL@buffer=\toks53
\SOUL@token=\toks54
\SOUL@syllgoal=\dimen326
\SOUL@syllwidth=\dimen327
\SOUL@charkern=\dimen328
\SOUL@hyphkern=\dimen329
\SOUL@dimen=\dimen330
\SOUL@dimeni=\dimen331
\SOUL@minus=\count374
\SOUL@comma=\count375
\SOUL@apo=\count376
\SOUL@grave=\count377
\SOUL@spaceskip=\skip69
\SOUL@ttwidth=\dimen332
\SOUL@uldp=\dimen333
\SOUL@ulht=\dimen334
)
(/usr/local/texlive/2026/texmf-dist/tex/generic/etexcmds/etexcmds.sty
Package: etexcmds 2019/12/15 v1.7 Avoid name clashes with e-TeX commands (HO)
))
(/usr/local/texlive/2026/texmf-dist/tex/latex/jknapltx/mathrsfs.sty
Package: mathrsfs 1996/01/01 Math RSFS package v1.0 (jk)
\symrsfs=\mathgroup6
)
\pandoc@box=\box96
\Wrappedcontinuationbox=\box97
\Wrappedvisiblespacebox=\box98
Package hyperref Info: Option `breaklinks' set `true' on input line 402.
Package hyperref Info: Option `colorlinks' set `true' on input line 402.

(./Exercicio-Exploratorio-BeforeIT-Parte-2.aux

LaTeX Warning: Label `objetivo-econuxf4mico' multiply defined.


LaTeX Warning: Label `equauxe7uxf5es' multiply defined.


LaTeX Warning: Label `definiuxe7uxe3o-das-variuxe1veis' multiply defined.


LaTeX Warning: Label `valores-desejados-esperados-e-realizados' multiply define
d.


LaTeX Warning: Label `campos-atualizados-e-usos-posteriores' multiply defined.


LaTeX Warning: Label `objetivo-econuxf4mico' multiply defined.


LaTeX Warning: Label `equauxe7uxf5es' multiply defined.


LaTeX Warning: Label `definiuxe7uxe3o-das-variuxe1veis' multiply defined.


LaTeX Warning: Label `valores-desejados-esperados-e-realizados' multiply define
d.


LaTeX Warning: Label `campos-atualizados-e-usos-posteriores' multiply defined.


LaTeX Warning: Label `aleatoriedade' multiply defined.


LaTeX Warning: Label `objetivo-econuxf4mico' multiply defined.


LaTeX Warning: Label `equauxe7uxf5es' multiply defined.


LaTeX Warning: Label `definiuxe7uxe3o-das-variuxe1veis' multiply defined.


LaTeX Warning: Label `valores-desejados-esperados-e-realizados' multiply define
d.


LaTeX Warning: Label `campos-atualizados-e-usos-posteriores' multiply defined.


LaTeX Warning: Label `aleatoriedade' multiply defined.


LaTeX Warning: Label `objetivo-econuxf4mico' multiply defined.


LaTeX Warning: Label `equauxe7uxf5es' multiply defined.


LaTeX Warning: Label `definiuxe7uxe3o-das-variuxe1veis' multiply defined.


LaTeX Warning: Label `valores-desejados-esperados-e-realizados' multiply define
d.


LaTeX Warning: Label `campos-atualizados-e-usos-posteriores' multiply defined.


LaTeX Warning: Label `objetivo-econuxf4mico' multiply defined.


LaTeX Warning: Label `equauxe7uxf5es' multiply defined.


LaTeX Warning: Label `definiuxe7uxe3o-das-variuxe1veis' multiply defined.


LaTeX Warning: Label `valores-desejados-esperados-e-realizados' multiply define
d.


LaTeX Warning: Label `campos-atualizados-e-usos-posteriores' multiply defined.


LaTeX Warning: Label `objetivo-econuxf4mico' multiply defined.


LaTeX Warning: Label `equauxe7uxf5es' multiply defined.


LaTeX Warning: Label `definiuxe7uxe3o-das-variuxe1veis' multiply defined.


LaTeX Warning: Label `valores-desejados-esperados-e-realizados' multiply define
d.


LaTeX Warning: Label `campos-atualizados-e-usos-posteriores' multiply defined.


LaTeX Warning: Label `objetivo-econuxf4mico' multiply defined.


LaTeX Warning: Label `equauxe7uxf5es' multiply defined.


LaTeX Warning: Label `definiuxe7uxe3o-das-variuxe1veis' multiply defined.


LaTeX Warning: Label `valores-desejados-esperados-e-realizados' multiply define
d.


LaTeX Warning: Label `campos-atualizados-e-usos-posteriores' multiply defined.


LaTeX Warning: Label `objetivo-econuxf4mico' multiply defined.


LaTeX Warning: Label `equauxe7uxf5es' multiply defined.


LaTeX Warning: Label `definiuxe7uxe3o-das-variuxe1veis' multiply defined.


LaTeX Warning: Label `valores-desejados-esperados-e-realizados' multiply define
d.


LaTeX Warning: Label `campos-atualizados-e-usos-posteriores' multiply defined.


LaTeX Warning: Label `aleatoriedade' multiply defined.


LaTeX Warning: Label `objetivo-econuxf4mico' multiply defined.


LaTeX Warning: Label `equauxe7uxf5es' multiply defined.


LaTeX Warning: Label `definiuxe7uxe3o-das-variuxe1veis' multiply defined.


LaTeX Warning: Label `valores-desejados-esperados-e-realizados' multiply define
d.


LaTeX Warning: Label `campos-atualizados-e-usos-posteriores' multiply defined.


LaTeX Warning: Label `aleatoriedade' multiply defined.


LaTeX Warning: Label `objetivo-econuxf4mico' multiply defined.


LaTeX Warning: Label `equauxe7uxf5es' multiply defined.


LaTeX Warning: Label `definiuxe7uxe3o-das-variuxe1veis' multiply defined.


LaTeX Warning: Label `valores-desejados-esperados-e-realizados' multiply define
d.


LaTeX Warning: Label `campos-atualizados-e-usos-posteriores' multiply defined.


LaTeX Warning: Label `objetivo-econuxf4mico' multiply defined.


LaTeX Warning: Label `equauxe7uxf5es' multiply defined.


LaTeX Warning: Label `definiuxe7uxe3o-das-variuxe1veis' multiply defined.


LaTeX Warning: Label `valores-desejados-esperados-e-realizados' multiply define
d.


LaTeX Warning: Label `campos-atualizados-e-usos-posteriores' multiply defined.


LaTeX Warning: Label `objetivo-econuxf4mico' multiply defined.


LaTeX Warning: Label `equauxe7uxf5es' multiply defined.


LaTeX Warning: Label `definiuxe7uxe3o-das-variuxe1veis' multiply defined.


LaTeX Warning: Label `valores-desejados-esperados-e-realizados' multiply define
d.


LaTeX Warning: Label `campos-atualizados-e-usos-posteriores' multiply defined.


LaTeX Warning: Label `objetivo-econuxf4mico' multiply defined.


LaTeX Warning: Label `equauxe7uxf5es' multiply defined.


LaTeX Warning: Label `definiuxe7uxe3o-das-variuxe1veis' multiply defined.


LaTeX Warning: Label `valores-desejados-esperados-e-realizados' multiply define
d.


LaTeX Warning: Label `campos-atualizados-e-usos-posteriores' multiply defined.


LaTeX Warning: Label `objetivo-econuxf4mico' multiply defined.


LaTeX Warning: Label `equauxe7uxf5es' multiply defined.


LaTeX Warning: Label `definiuxe7uxe3o-das-variuxe1veis' multiply defined.


LaTeX Warning: Label `valores-desejados-esperados-e-realizados' multiply define
d.


LaTeX Warning: Label `campos-atualizados-e-usos-posteriores' multiply defined.


LaTeX Warning: Label `objetivo-econuxf4mico' multiply defined.


LaTeX Warning: Label `equauxe7uxf5es' multiply defined.


LaTeX Warning: Label `definiuxe7uxe3o-das-variuxe1veis' multiply defined.


LaTeX Warning: Label `valores-desejados-esperados-e-realizados' multiply define
d.


LaTeX Warning: Label `campos-atualizados-e-usos-posteriores' multiply defined.


LaTeX Warning: Label `objetivo-econuxf4mico' multiply defined.


LaTeX Warning: Label `equauxe7uxf5es' multiply defined.


LaTeX Warning: Label `desconto-das-apostas' multiply defined.


LaTeX Warning: Label `oruxe7amentos-desejados' multiply defined.


LaTeX Warning: Label `definiuxe7uxe3o-das-variuxe1veis' multiply defined.


LaTeX Warning: Label `valores-desejados-esperados-e-realizados' multiply define
d.


LaTeX Warning: Label `campos-atualizados-e-usos-posteriores' multiply defined.


LaTeX Warning: Label `objetivo-econuxf4mico' multiply defined.


LaTeX Warning: Label `equauxe7uxf5es' multiply defined.


LaTeX Warning: Label `oruxe7amentos-desejados' multiply defined.


LaTeX Warning: Label `definiuxe7uxe3o-das-variuxe1veis' multiply defined.


LaTeX Warning: Label `valores-desejados-esperados-e-realizados' multiply define
d.


LaTeX Warning: Label `campos-atualizados-e-usos-posteriores' multiply defined.


LaTeX Warning: Label `objetivo-econuxf4mico' multiply defined.


LaTeX Warning: Label `equauxe7uxf5es' multiply defined.


LaTeX Warning: Label `oruxe7amentos-desejados' multiply defined.


LaTeX Warning: Label `definiuxe7uxe3o-das-variuxe1veis' multiply defined.


LaTeX Warning: Label `valores-desejados-esperados-e-realizados' multiply define
d.


LaTeX Warning: Label `campos-atualizados-e-usos-posteriores' multiply defined.


LaTeX Warning: Label `objetivo-econuxf4mico' multiply defined.


LaTeX Warning: Label `equauxe7uxf5es' multiply defined.


LaTeX Warning: Label `definiuxe7uxe3o-das-variuxe1veis' multiply defined.


LaTeX Warning: Label `valores-desejados-esperados-e-realizados' multiply define
d.


LaTeX Warning: Label `campos-atualizados-e-usos-posteriores' multiply defined.


LaTeX Warning: Label `aleatoriedade' multiply defined.


LaTeX Warning: Label `objetivo-econuxf4mico' multiply defined.


LaTeX Warning: Label `equauxe7uxf5es' multiply defined.


LaTeX Warning: Label `definiuxe7uxe3o-das-variuxe1veis' multiply defined.


LaTeX Warning: Label `valores-desejados-esperados-e-realizados' multiply define
d.


LaTeX Warning: Label `campos-atualizados-e-usos-posteriores' multiply defined.


LaTeX Warning: Label `aleatoriedade' multiply defined.


LaTeX Warning: Label `objetivo-econuxf4mico' multiply defined.


LaTeX Warning: Label `equauxe7uxf5es' multiply defined.


LaTeX Warning: Label `definiuxe7uxe3o-das-variuxe1veis' multiply defined.


LaTeX Warning: Label `valores-desejados-esperados-e-realizados' multiply define
d.


LaTeX Warning: Label `campos-atualizados-e-usos-posteriores' multiply defined.


LaTeX Warning: Label `aleatoriedade' multiply defined.


LaTeX Warning: Label `objetivo-econuxf4mico' multiply defined.


LaTeX Warning: Label `equauxe7uxf5es' multiply defined.


LaTeX Warning: Label `definiuxe7uxe3o-das-variuxe1veis' multiply defined.


LaTeX Warning: Label `valores-desejados-esperados-e-realizados' multiply define
d.


LaTeX Warning: Label `campos-atualizados-e-usos-posteriores' multiply defined.


LaTeX Warning: Label `objetivo-econuxf4mico' multiply defined.


LaTeX Warning: Label `equauxe7uxf5es' multiply defined.


LaTeX Warning: Label `definiuxe7uxe3o-das-variuxe1veis' multiply defined.


LaTeX Warning: Label `valores-desejados-esperados-e-realizados' multiply define
d.


LaTeX Warning: Label `campos-atualizados-e-usos-posteriores' multiply defined.


LaTeX Warning: Label `objetivo-econuxf4mico' multiply defined.


LaTeX Warning: Label `equauxe7uxf5es' multiply defined.


LaTeX Warning: Label `cuxe1lculo-do-uxedndice' multiply defined.


LaTeX Warning: Label `definiuxe7uxe3o-das-variuxe1veis' multiply defined.


LaTeX Warning: Label `valores-desejados-esperados-e-realizados' multiply define
d.


LaTeX Warning: Label `campos-atualizados-e-usos-posteriores' multiply defined.


LaTeX Warning: Label `objetivo-econuxf4mico' multiply defined.


LaTeX Warning: Label `equauxe7uxf5es' multiply defined.


LaTeX Warning: Label `pesos-da-cesta' multiply defined.


LaTeX Warning: Label `cuxe1lculo-do-uxedndice' multiply defined.


LaTeX Warning: Label `definiuxe7uxe3o-das-variuxe1veis' multiply defined.


LaTeX Warning: Label `valores-desejados-esperados-e-realizados' multiply define
d.


LaTeX Warning: Label `campos-atualizados-e-usos-posteriores' multiply defined.


LaTeX Warning: Label `objetivo-econuxf4mico' multiply defined.


LaTeX Warning: Label `equauxe7uxf5es' multiply defined.


LaTeX Warning: Label `definiuxe7uxe3o-das-variuxe1veis' multiply defined.


LaTeX Warning: Label `valores-desejados-esperados-e-realizados' multiply define
d.


LaTeX Warning: Label `campos-atualizados-e-usos-posteriores' multiply defined.


LaTeX Warning: Label `objetivo-econuxf4mico' multiply defined.


LaTeX Warning: Label `equauxe7uxf5es' multiply defined.


LaTeX Warning: Label `definiuxe7uxe3o-das-variuxe1veis' multiply defined.


LaTeX Warning: Label `valores-desejados-esperados-e-realizados' multiply define
d.


LaTeX Warning: Label `campos-atualizados-e-usos-posteriores' multiply defined.


LaTeX Warning: Label `objetivo-econuxf4mico' multiply defined.


LaTeX Warning: Label `equauxe7uxf5es' multiply defined.


LaTeX Warning: Label `definiuxe7uxe3o-das-variuxe1veis' multiply defined.


LaTeX Warning: Label `valores-desejados-esperados-e-realizados' multiply define
d.


LaTeX Warning: Label `campos-atualizados-e-usos-posteriores' multiply defined.


LaTeX Warning: Label `objetivo-econuxf4mico' multiply defined.


LaTeX Warning: Label `equauxe7uxf5es' multiply defined.


LaTeX Warning: Label `definiuxe7uxe3o-das-variuxe1veis' multiply defined.


LaTeX Warning: Label `valores-desejados-esperados-e-realizados' multiply define
d.


LaTeX Warning: Label `campos-atualizados-e-usos-posteriores' multiply defined.


LaTeX Warning: Label `objetivo-econuxf4mico' multiply defined.


LaTeX Warning: Label `equauxe7uxf5es' multiply defined.


LaTeX Warning: Label `definiuxe7uxe3o-das-variuxe1veis' multiply defined.


LaTeX Warning: Label `valores-desejados-esperados-e-realizados' multiply define
d.


LaTeX Warning: Label `campos-atualizados-e-usos-posteriores' multiply defined.


LaTeX Warning: Label `objetivo-econuxf4mico' multiply defined.


LaTeX Warning: Label `equauxe7uxf5es' multiply defined.


LaTeX Warning: Label `definiuxe7uxe3o-das-variuxe1veis' multiply defined.


LaTeX Warning: Label `valores-desejados-esperados-e-realizados' multiply define
d.


LaTeX Warning: Label `campos-atualizados-e-usos-posteriores' multiply defined.


LaTeX Warning: Label `objetivo-econuxf4mico' multiply defined.


LaTeX Warning: Label `equauxe7uxf5es' multiply defined.


LaTeX Warning: Label `definiuxe7uxe3o-das-variuxe1veis' multiply defined.


LaTeX Warning: Label `valores-desejados-esperados-e-realizados' multiply define
d.


LaTeX Warning: Label `campos-atualizados-e-usos-posteriores' multiply defined.


LaTeX Warning: Label `objetivo-econuxf4mico' multiply defined.


LaTeX Warning: Label `equauxe7uxf5es' multiply defined.


LaTeX Warning: Label `definiuxe7uxe3o-das-variuxe1veis' multiply defined.


LaTeX Warning: Label `valores-desejados-esperados-e-realizados' multiply define
d.


LaTeX Warning: Label `campos-atualizados-e-usos-posteriores' multiply defined.


LaTeX Warning: Label `objetivo-econuxf4mico' multiply defined.


LaTeX Warning: Label `equauxe7uxf5es' multiply defined.


LaTeX Warning: Label `definiuxe7uxe3o-das-variuxe1veis' multiply defined.


LaTeX Warning: Label `valores-desejados-esperados-e-realizados' multiply define
d.


LaTeX Warning: Label `campos-atualizados-e-usos-posteriores' multiply defined.


LaTeX Warning: Label `objetivo-econuxf4mico' multiply defined.


LaTeX Warning: Label `equauxe7uxf5es' multiply defined.


LaTeX Warning: Label `definiuxe7uxe3o-das-variuxe1veis' multiply defined.


LaTeX Warning: Label `valores-desejados-esperados-e-realizados' multiply define
d.


LaTeX Warning: Label `campos-atualizados-e-usos-posteriores' multiply defined.


LaTeX Warning: Label `objetivo-econuxf4mico' multiply defined.


LaTeX Warning: Label `equauxe7uxf5es' multiply defined.


LaTeX Warning: Label `definiuxe7uxe3o-das-variuxe1veis' multiply defined.


LaTeX Warning: Label `tratamento-dos-saldos' multiply defined.


LaTeX Warning: Label `valores-desejados-esperados-e-realizados' multiply define
d.


LaTeX Warning: Label `campos-atualizados-e-usos-posteriores' multiply defined.


LaTeX Warning: Label `objetivo-econuxf4mico' multiply defined.


LaTeX Warning: Label `equauxe7uxf5es' multiply defined.


LaTeX Warning: Label `definiuxe7uxe3o-das-variuxe1veis' multiply defined.


LaTeX Warning: Label `tratamento-dos-saldos' multiply defined.


LaTeX Warning: Label `valores-desejados-esperados-e-realizados' multiply define
d.


LaTeX Warning: Label `campos-atualizados-e-usos-posteriores' multiply defined.


LaTeX Warning: Label `objetivo-econuxf4mico' multiply defined.


LaTeX Warning: Label `equauxe7uxf5es' multiply defined.


LaTeX Warning: Label `definiuxe7uxe3o-das-variuxe1veis' multiply defined.


LaTeX Warning: Label `valores-desejados-esperados-e-realizados' multiply define
d.


LaTeX Warning: Label `campos-atualizados-e-usos-posteriores' multiply defined.


LaTeX Warning: Label `objetivo-econuxf4mico' multiply defined.


LaTeX Warning: Label `equauxe7uxf5es' multiply defined.


LaTeX Warning: Label `definiuxe7uxe3o-das-variuxe1veis' multiply defined.


LaTeX Warning: Label `valores-desejados-esperados-e-realizados' multiply define
d.


LaTeX Warning: Label `campos-atualizados-e-usos-posteriores' multiply defined.


LaTeX Warning: Label `objetivo-econuxf4mico' multiply defined.


LaTeX Warning: Label `equauxe7uxf5es' multiply defined.


LaTeX Warning: Label `definiuxe7uxe3o-das-variuxe1veis' multiply defined.


LaTeX Warning: Label `valores-desejados-esperados-e-realizados' multiply define
d.


LaTeX Warning: Label `campos-atualizados-e-usos-posteriores' multiply defined.


LaTeX Warning: Label `objetivo-econuxf4mico' multiply defined.


LaTeX Warning: Label `equauxe7uxf5es' multiply defined.


LaTeX Warning: Label `definiuxe7uxe3o-das-variuxe1veis' multiply defined.


LaTeX Warning: Label `casos-nulos-e-sinais' multiply defined.


LaTeX Warning: Label `valores-desejados-esperados-e-realizados' multiply define
d.


LaTeX Warning: Label `campos-atualizados-e-usos-posteriores' multiply defined.


LaTeX Warning: Label `objetivo-econuxf4mico' multiply defined.


LaTeX Warning: Label `equauxe7uxf5es' multiply defined.


LaTeX Warning: Label `definiuxe7uxe3o-das-variuxe1veis' multiply defined.


LaTeX Warning: Label `valores-desejados-esperados-e-realizados' multiply define
d.


LaTeX Warning: Label `campos-atualizados-e-usos-posteriores' multiply defined.


LaTeX Warning: Label `objetivo-econuxf4mico' multiply defined.


LaTeX Warning: Label `equauxe7uxf5es' multiply defined.


LaTeX Warning: Label `definiuxe7uxe3o-das-variuxe1veis' multiply defined.


LaTeX Warning: Label `valores-desejados-esperados-e-realizados' multiply define
d.


LaTeX Warning: Label `campos-atualizados-e-usos-posteriores' multiply defined.


LaTeX Warning: Label `objetivo-econuxf4mico' multiply defined.


LaTeX Warning: Label `equauxe7uxf5es' multiply defined.


LaTeX Warning: Label `definiuxe7uxe3o-das-variuxe1veis' multiply defined.


LaTeX Warning: Label `valores-desejados-esperados-e-realizados' multiply define
d.


LaTeX Warning: Label `campos-atualizados-e-usos-posteriores' multiply defined.


LaTeX Warning: Label `objetivo-econuxf4mico' multiply defined.


LaTeX Warning: Label `equauxe7uxf5es' multiply defined.


LaTeX Warning: Label `definiuxe7uxe3o-das-variuxe1veis' multiply defined.


LaTeX Warning: Label `valores-desejados-esperados-e-realizados' multiply define
d.


LaTeX Warning: Label `campos-atualizados-e-usos-posteriores' multiply defined.


LaTeX Warning: Label `objetivo-econuxf4mico' multiply defined.


LaTeX Warning: Label `equauxe7uxf5es' multiply defined.


LaTeX Warning: Label `definiuxe7uxe3o-das-variuxe1veis' multiply defined.


LaTeX Warning: Label `valores-desejados-esperados-e-realizados' multiply define
d.


LaTeX Warning: Label `campos-atualizados-e-usos-posteriores' multiply defined.


LaTeX Warning: Label `objetivo-econuxf4mico' multiply defined.


LaTeX Warning: Label `equauxe7uxf5es' multiply defined.


LaTeX Warning: Label `definiuxe7uxe3o-das-variuxe1veis' multiply defined.


LaTeX Warning: Label `valores-desejados-esperados-e-realizados' multiply define
d.


LaTeX Warning: Label `campos-atualizados-e-usos-posteriores' multiply defined.


LaTeX Warning: Label `objetivo-econuxf4mico' multiply defined.


LaTeX Warning: Label `equauxe7uxf5es' multiply defined.


LaTeX Warning: Label `definiuxe7uxe3o-das-variuxe1veis' multiply defined.


LaTeX Warning: Label `valores-desejados-esperados-e-realizados' multiply define
d.


LaTeX Warning: Label `campos-atualizados-e-usos-posteriores' multiply defined.

)
\openout1 = `Exercicio-Exploratorio-BeforeIT-Parte-2.aux'.

LaTeX Font Info:    Checking defaults for OML/cmm/m/it on input line 409.
LaTeX Font Info:    ... okay on input line 409.
LaTeX Font Info:    Checking defaults for OMS/cmsy/m/n on input line 409.
LaTeX Font Info:    ... okay on input line 409.
LaTeX Font Info:    Checking defaults for OT1/cmr/m/n on input line 409.
LaTeX Font Info:    ... okay on input line 409.
LaTeX Font Info:    Checking defaults for T1/cmr/m/n on input line 409.
LaTeX Font Info:    ... okay on input line 409.
LaTeX Font Info:    Checking defaults for TS1/cmr/m/n on input line 409.
LaTeX Font Info:    ... okay on input line 409.
LaTeX Font Info:    Checking defaults for TU/lmr/m/n on input line 409.
LaTeX Font Info:    ... okay on input line 409.
LaTeX Font Info:    Checking defaults for OMX/cmex/m/n on input line 409.
LaTeX Font Info:    ... okay on input line 409.
LaTeX Font Info:    Checking defaults for U/cmr/m/n on input line 409.
LaTeX Font Info:    ... okay on input line 409.
LaTeX Font Info:    Checking defaults for PD1/pdf/m/n on input line 409.
LaTeX Font Info:    ... okay on input line 409.
LaTeX Font Info:    Checking defaults for PU/pdf/m/n on input line 409.
LaTeX Font Info:    ... okay on input line 409.
Package caption Info: Begin \AtBeginDocument code.
Package caption Info: float package is loaded.
Package caption Info: hyperref package is loaded.
Package caption Info: longtable package is loaded.
 (/usr/local/texlive/2026/texmf-dist/tex/latex/caption/ltcaption.sty
Package: ltcaption 2021/01/08 v1.4c longtable captions (AR)
)
Package caption Info: End \AtBeginDocument code.

*geometry* driver: auto-detecting
*geometry* detected driver: xetex
*geometry* verbose mode - [ preamble ] result:
* driver: xetex
* paper: <default>
* layout: <same size as paper>
* layoutoffset:(h,v)=(0.0pt,0.0pt)
* modes: 
* h-part:(L,W,R)=(72.26999pt, 469.75502pt, 72.26999pt)
* v-part:(T,H,B)=(72.26999pt, 650.43001pt, 72.26999pt)
* \paperwidth=614.295pt
* \paperheight=794.96999pt
* \textwidth=469.75502pt
* \textheight=650.43001pt
* \oddsidemargin=0.0pt
* \evensidemargin=0.0pt
* \topmargin=-37.0pt
* \headheight=12.0pt
* \headsep=25.0pt
* \topskip=11.0pt
* \footskip=30.0pt
* \marginparwidth=59.0pt
* \marginparsep=10.0pt
* \columnsep=10.0pt
* \skip\footins=10.0pt plus 4.0pt minus 2.0pt
* \hoffset=0.0pt
* \voffset=0.0pt
* \mag=1000
* \@twocolumnfalse
* \@twosidefalse
* \@mparswitchfalse
* \@reversemarginfalse
* (1in=72.27pt=25.4mm, 1cm=28.453pt)

LaTeX Font Info:    Overwriting math alphabet `\mathrm' in version `normal'
(Font)                  OT1/cmr/m/n --> TU/lmr/m/n on input line 409.
LaTeX Font Info:    Overwriting math alphabet `\mathit' in version `normal'
(Font)                  OT1/cmr/m/it --> TU/lmr/m/it on input line 409.
LaTeX Font Info:    Overwriting math alphabet `\mathbf' in version `normal'
(Font)                  OT1/cmr/bx/n --> TU/lmr/bx/n on input line 409.
LaTeX Font Info:    Overwriting math alphabet `\mathsf' in version `normal'
(Font)                  OT1/cmss/m/n --> TU/lmss/m/n on input line 409.
LaTeX Font Info:    Overwriting math alphabet `\mathsf' in version `bold'
(Font)                  OT1/cmss/bx/n --> TU/lmss/bx/n on input line 409.
LaTeX Font Info:    Overwriting math alphabet `\mathtt' in version `normal'
(Font)                  OT1/cmtt/m/n --> TU/lmtt/m/n on input line 409.
LaTeX Font Info:    Overwriting math alphabet `\mathtt' in version `bold'
(Font)                  OT1/cmtt/m/n --> TU/lmtt/bx/n on input line 409.

Package fontspec Info: 
(fontspec)             Font family 'latinmodern-math.otf(0)' created for font
(fontspec)             'latinmodern-math.otf' with options
(fontspec)             [BoldItalicFont={},ItalicFont={},SmallCapsFont={},Script
=Math,BoldFont={latinmodern-math.otf}].
(fontspec)              
(fontspec)              This font family consists of the following NFSS
(fontspec)             series/shapes:
(fontspec)              
(fontspec)             - 'normal' (m/n) with NFSS spec.:
(fontspec)             <->"[latinmodern-math.otf]/OT:script=math;language=dflt;
"
(fontspec)             - 'bold' (b/n) with NFSS spec.:
(fontspec)             <->"[latinmodern-math.otf]/OT:script=math;language=dflt;
"


Package fontspec Info: 
(fontspec)             Font family 'latinmodern-math.otf(1)' created for font
(fontspec)             'latinmodern-math.otf' with options
(fontspec)             [BoldItalicFont={},ItalicFont={},SmallCapsFont={},Script
=Math,SizeFeatures={{Size=9.3075-},{Size=6.57-9.3075,Font=latinmodern-math.otf,
Style=MathScript},{Size=-6.57,Font=latinmodern-math.otf,Style=MathScriptScript}
},BoldFont={latinmodern-math.otf}].
(fontspec)              
(fontspec)              This font family consists of the following NFSS
(fontspec)             series/shapes:
(fontspec)              
(fontspec)             - 'normal' (m/n) with NFSS spec.:
(fontspec)             <9.3075->"[latinmodern-math.otf]/OT:script=math;language
=dflt;"<6.57-9.3075>"[latinmodern-math.otf]/OT:script=math;language=dflt;+ssty=
0;"<-6.57>"[latinmodern-math.otf]/OT:script=math;language=dflt;+ssty=1;"
(fontspec)             - 'bold' (b/n) with NFSS spec.:
(fontspec)             <->"[latinmodern-math.otf]/OT:script=math;language=dflt;
"

LaTeX Font Info:    Encoding `OT1' has changed to `TU' for symbol font
(Font)              `operators' in the math version `normal' on input line 409.

LaTeX Font Info:    Overwriting symbol font `operators' in version `normal'
(Font)                  OT1/cmr/m/n --> TU/latinmodern-math.otf(1)/m/n on input
 line 409.
LaTeX Font Info:    Encoding `OT1' has changed to `TU' for symbol font
(Font)              `operators' in the math version `bold' on input line 409.
LaTeX Font Info:    Overwriting symbol font `operators' in version `bold'
(Font)                  OT1/cmr/bx/n --> TU/latinmodern-math.otf(1)/b/n on inpu
t line 409.

Package fontspec Info: 
(fontspec)             latinmodern-math scale = 1.0001.


Package fontspec Info: 
(fontspec)             latinmodern-math scale = 1.0001.


Package fontspec Info: 
(fontspec)             latinmodern-math scale = 1.0001.


Package fontspec Info: 
(fontspec)             latinmodern-math scale = 1.0001.


Package fontspec Info: 
(fontspec)             latinmodern-math scale = 1.0001.


Package fontspec Info: 
(fontspec)             Font family 'latinmodern-math.otf(2)' created for font
(fontspec)             'latinmodern-math.otf' with options
(fontspec)             [BoldItalicFont={},ItalicFont={},SmallCapsFont={},Script
=Math,SizeFeatures={{Size=9.3075-},{Size=6.57-9.3075,Font=latinmodern-math.otf,
Style=MathScript},{Size=-6.57,Font=latinmodern-math.otf,Style=MathScriptScript}
},BoldFont={latinmodern-math.otf},ScaleAgain=1.0001,FontAdjustment={\fontdimen
(fontspec)             8\font =7.41315pt\relax \fontdimen 9\font
(fontspec)             =4.3143pt\relax \fontdimen 10\font =4.8618pt\relax
(fontspec)             \fontdimen 11\font =7.5117pt\relax \fontdimen 12\font
(fontspec)             =3.77776pt\relax \fontdimen 13\font =3.97485pt\relax
(fontspec)             \fontdimen 14\font =3.97485pt\relax \fontdimen 15\font
(fontspec)             =3.16455pt\relax \fontdimen 16\font =2.70465pt\relax
(fontspec)             \fontdimen 17\font =2.70465pt\relax \fontdimen 18\font
(fontspec)             =2.7375pt\relax \fontdimen 19\font =2.19pt\relax
(fontspec)             \fontdimen 22\font =2.7375pt\relax \fontdimen 20\font
(fontspec)             =0pt\relax \fontdimen 21\font =0pt\relax }].
(fontspec)              
(fontspec)              This font family consists of the following NFSS
(fontspec)             series/shapes:
(fontspec)              
(fontspec)             - 'normal' (m/n) with NFSS spec.:
(fontspec)             <9.3075->s*[1.0001]"[latinmodern-math.otf]/OT:script=mat
h;language=dflt;"<6.57-9.3075>s*[1.0001]"[latinmodern-math.otf]/OT:script=math;
language=dflt;+ssty=0;"<-6.57>s*[1.0001]"[latinmodern-math.otf]/OT:script=math;
language=dflt;+ssty=1;"
(fontspec)             - 'bold' (b/n) with NFSS spec.:
(fontspec)             <->s*[1.0001]"[latinmodern-math.otf]/OT:script=math;lang
uage=dflt;"

LaTeX Font Info:    Encoding `OMS' has changed to `TU' for symbol font
(Font)              `symbols' in the math version `normal' on input line 409.
LaTeX Font Info:    Overwriting symbol font `symbols' in version `normal'
(Font)                  OMS/cmsy/m/n --> TU/latinmodern-math.otf(2)/m/n on inpu
t line 409.
LaTeX Font Info:    Encoding `OMS' has changed to `TU' for symbol font
(Font)              `symbols' in the math version `bold' on input line 409.
LaTeX Font Info:    Overwriting symbol font `symbols' in version `bold'
(Font)                  OMS/cmsy/b/n --> TU/latinmodern-math.otf(2)/b/n on inpu
t line 409.

Package fontspec Info: 
(fontspec)             latinmodern-math scale = 0.9999.


Package fontspec Info: 
(fontspec)             latinmodern-math scale = 0.9999.


Package fontspec Info: 
(fontspec)             latinmodern-math scale = 0.9999.


Package fontspec Info: 
(fontspec)             latinmodern-math scale = 0.9999.


Package fontspec Info: 
(fontspec)             latinmodern-math scale = 0.9999.


Package fontspec Info: 
(fontspec)             Font family 'latinmodern-math.otf(3)' created for font
(fontspec)             'latinmodern-math.otf' with options
(fontspec)             [BoldItalicFont={},ItalicFont={},SmallCapsFont={},Script
=Math,SizeFeatures={{Size=9.3075-},{Size=6.57-9.3075,Font=latinmodern-math.otf,
Style=MathScript},{Size=-6.57,Font=latinmodern-math.otf,Style=MathScriptScript}
},BoldFont={latinmodern-math.otf},ScaleAgain=0.9999,FontAdjustment={\fontdimen
(fontspec)             8\font =0.438pt\relax \fontdimen 9\font =2.19pt\relax
(fontspec)             \fontdimen 10\font =1.82864pt\relax \fontdimen 11\font
(fontspec)             =1.21545pt\relax \fontdimen 12\font =6.56999pt\relax
(fontspec)             \fontdimen 13\font =0pt\relax }].
(fontspec)              
(fontspec)              This font family consists of the following NFSS
(fontspec)             series/shapes:
(fontspec)              
(fontspec)             - 'normal' (m/n) with NFSS spec.:
(fontspec)             <9.3075->s*[0.9999]"[latinmodern-math.otf]/OT:script=mat
h;language=dflt;"<6.57-9.3075>s*[0.9999]"[latinmodern-math.otf]/OT:script=math;
language=dflt;+ssty=0;"<-6.57>s*[0.9999]"[latinmodern-math.otf]/OT:script=math;
language=dflt;+ssty=1;"
(fontspec)             - 'bold' (b/n) with NFSS spec.:
(fontspec)             <->s*[0.9999]"[latinmodern-math.otf]/OT:script=math;lang
uage=dflt;"

LaTeX Font Info:    Encoding `OMX' has changed to `TU' for symbol font
(Font)              `largesymbols' in the math version `normal' on input line 4
09.
LaTeX Font Info:    Overwriting symbol font `largesymbols' in version `normal'
(Font)                  OMX/cmex/m/n --> TU/latinmodern-math.otf(3)/m/n on inpu
t line 409.
LaTeX Font Info:    Encoding `OMX' has changed to `TU' for symbol font
(Font)              `largesymbols' in the math version `bold' on input line 409
.
LaTeX Font Info:    Overwriting symbol font `largesymbols' in version `bold'
(Font)                  OMX/cmex/m/n --> TU/latinmodern-math.otf(3)/b/n on inpu
t line 409.
Package hyperref Info: Link coloring ON on input line 409.
(./Exercicio-Exploratorio-BeforeIT-Parte-2.out)
(./Exercicio-Exploratorio-BeforeIT-Parte-2.out)
\@outlinefile=\write5
\openout5 = `Exercicio-Exploratorio-BeforeIT-Parte-2.out'.

LaTeX Font Info:    Font shape `TU/latinmodern-math.otf(2)/m/n' will be
(Font)              scaled to size 12.00128pt on input line 411.
LaTeX Font Info:    Font shape `TU/latinmodern-math.otf(2)/m/n' will be
(Font)              scaled to size 8.00085pt on input line 411.
LaTeX Font Info:    Font shape `TU/latinmodern-math.otf(2)/m/n' will be
(Font)              scaled to size 6.00064pt on input line 411.
LaTeX Font Info:    Font shape `TU/latinmodern-math.otf(3)/m/n' will be
(Font)              scaled to size 11.99872pt on input line 411.
LaTeX Font Info:    Font shape `TU/latinmodern-math.otf(3)/m/n' will be
(Font)              scaled to size 7.99915pt on input line 411.
LaTeX Font Info:    Font shape `TU/latinmodern-math.otf(3)/m/n' will be
(Font)              scaled to size 5.99936pt on input line 411.
LaTeX Font Info:    Trying to load font information for U+msa on input line 411
.

(/usr/local/texlive/2026/texmf-dist/tex/latex/amsfonts/umsa.fd
File: umsa.fd 2013/01/14 v3.01 AMS symbols A
)
LaTeX Font Info:    Trying to load font information for U+msb on input line 411
.

(/usr/local/texlive/2026/texmf-dist/tex/latex/amsfonts/umsb.fd
File: umsb.fd 2013/01/14 v3.01 AMS symbols B
)
LaTeX Font Info:    Trying to load font information for U+rsfs on input line 41
1.

(/usr/local/texlive/2026/texmf-dist/tex/latex/jknapltx/ursfs.fd
File: ursfs.fd 1998/03/24 rsfs font definition file (jk)
)

LaTeX Warning: No \author given.

LaTeX Font Info:    Font shape `TU/latinmodern-math.otf(2)/m/n' will be
(Font)              scaled to size 5.00053pt on input line 427.
LaTeX Font Info:    Font shape `TU/latinmodern-math.otf(3)/m/n' will be
(Font)              scaled to size 4.99947pt on input line 427.
LaTeX Font Info:    Font shape `TU/lmtt/bx/n' in size <10.95> not available
(Font)              Font shape `TU/lmtt/b/n' tried instead on input line 428.

Underfull \hbox (badness 2293) in paragraph at lines 456--458
\TU/lmr/m/n/10.95 Cada link leva à seção didática da função correspondente, na 
ordem de execução de
 []


LaTeX Warning: Hyper reference `finance-insolvent-firms' on page 1 undefined on
 input line 465.


LaTeX Warning: Hyper reference `set-growth-inflation-expectations' on page 1 un
defined on input line 467.


LaTeX Warning: Hyper reference `set-epsilon' on page 1 undefined on input line 
469.

[1

]

LaTeX Warning: Hyper reference `set-growth-inflation-ea' on page 2 undefined on
 input line 471.


LaTeX Warning: Hyper reference `set-central-bank-rate' on page 2 undefined on i
nput line 473.


LaTeX Warning: Hyper reference `shock' on page 2 undefined on input line 475.


LaTeX Warning: Hyper reference `set-bank-rate' on page 2 undefined on input lin
e 477.


LaTeX Warning: Hyper reference `set-firms-expectations-and-decisions' on page 2
 undefined on input line 486.


LaTeX Warning: Hyper reference `search-and-matching-credit' on page 2 undefined
 on input line 488.


LaTeX Warning: Hyper reference `search-and-matching-labour' on page 2 undefined
 on input line 490.


LaTeX Warning: Hyper reference `set-firms-wages' on page 2 undefined on input l
ine 492.


LaTeX Warning: Hyper reference `set-firms-production' on page 2 undefined on in
put line 494.


LaTeX Warning: Hyper reference `update-workers-wages' on page 2 undefined on in
put line 496.


LaTeX Warning: Hyper reference `set-gov-social-benefits' on page 2 undefined on
 input line 505.


LaTeX Warning: Hyper reference `set-bank-expected-profits' on page 2 undefined 
on input line 507.


LaTeX Warning: Hyper reference `set-households-budget-act' on page 2 undefined 
on input line 509.


LaTeX Warning: Hyper reference `set-households-budget-inact' on page 2 undefine
d on input line 511.


LaTeX Warning: Hyper reference `set-households-budget-firms' on page 2 undefine
d on input line 513.


LaTeX Warning: Hyper reference `set-households-budget-bank' on page 2 undefined
 on input line 515.


LaTeX Warning: Hyper reference `set-gov-expenditure' on page 2 undefined on inp
ut line 524.


LaTeX Warning: Hyper reference `set-rotw-import-export' on page 2 undefined on 
input line 526.


LaTeX Warning: Hyper reference `search-and-matching' on page 2 undefined on inp
ut line 528.


LaTeX Warning: Hyper reference `set-inflation-priceindex' on page 2 undefined o
n input line 537.


LaTeX Warning: Hyper reference `set-sector-specific-priceindex' on page 2 undef
ined on input line 539.


LaTeX Warning: Hyper reference `set-capital-formation-priceindex' on page 2 und
efined on input line 541.


LaTeX Warning: Hyper reference `set-households-priceindex' on page 2 undefined 
on input line 543.


LaTeX Warning: Hyper reference `set-firms-stocks' on page 2 undefined on input 
line 545.


LaTeX Warning: Hyper reference `set-firms-profits' on page 2 undefined on input
 line 554.


LaTeX Warning: Hyper reference `set-bank-profits' on page 2 undefined on input 
line 556.


LaTeX Warning: Hyper reference `set-bank-equity' on page 2 undefined on input l
ine 558.


LaTeX Warning: Hyper reference `set-households-income-act' on page 2 undefined 
on input line 560.


LaTeX Warning: Hyper reference `set-households-income-inact' on page 2 undefine
d on input line 562.


LaTeX Warning: Hyper reference `set-households-income-firms' on page 2 undefine
d on input line 564.


LaTeX Warning: Hyper reference `set-households-income-bank' on page 2 undefined
 on input line 566.


LaTeX Warning: Hyper reference `set-gambling-transfers' on page 2 undefined on 
input line 568.


LaTeX Warning: Hyper reference `set-households-deposits-act' on page 2 undefine
d on input line 577.

[2]

LaTeX Warning: Hyper reference `set-households-deposits-inact' on page 3 undefi
ned on input line 579.


LaTeX Warning: Hyper reference `set-households-deposits-firms' on page 3 undefi
ned on input line 581.


LaTeX Warning: Hyper reference `set-households-deposits-bank' on page 3 undefin
ed on input line 583.


LaTeX Warning: Hyper reference `set-central-bank-equity' on page 3 undefined on
 input line 585.


LaTeX Warning: Hyper reference `set-gov-revenues' on page 3 undefined on input 
line 587.


LaTeX Warning: Hyper reference `set-gov-loans' on page 3 undefined on input lin
e 589.


LaTeX Warning: Hyper reference `set-firms-deposits' on page 3 undefined on inpu
t line 591.


LaTeX Warning: Hyper reference `set-firms-loans' on page 3 undefined on input l
ine 593.


LaTeX Warning: Hyper reference `set-firms-equity' on page 3 undefined on input 
line 595.


LaTeX Warning: Hyper reference `set-rotw-deposits' on page 3 undefined on input
 line 597.


LaTeX Warning: Hyper reference `set-bank-deposits' on page 3 undefined on input
 line 599.


LaTeX Warning: Hyper reference `set-gross-domestic-product' on page 3 undefined
 on input line 608.


LaTeX Warning: Hyper reference `set-time' on page 3 undefined on input line 610
.

LaTeX Font Info:    Font shape `TU/latinmodern-math.otf(2)/m/n' will be
(Font)              scaled to size 10.95116pt on input line 631.
LaTeX Font Info:    Font shape `TU/latinmodern-math.otf(2)/m/n' will be
(Font)              scaled to size 7.6658pt on input line 631.
LaTeX Font Info:    Font shape `TU/latinmodern-math.otf(2)/m/n' will be
(Font)              scaled to size 5.47559pt on input line 631.
LaTeX Font Info:    Font shape `TU/latinmodern-math.otf(3)/m/n' will be
(Font)              scaled to size 10.94882pt on input line 631.
LaTeX Font Info:    Font shape `TU/latinmodern-math.otf(3)/m/n' will be
(Font)              scaled to size 7.66417pt on input line 631.
LaTeX Font Info:    Font shape `TU/latinmodern-math.otf(3)/m/n' will be
(Font)              scaled to size 5.47441pt on input line 631.

LaTeX Font Warning: Font shape `U/rsfs/m/n' in size <5.475> not available
(Font)              size <5> substituted on input line 631.


ignored: Infinite glue shrinkage found in box being split [3] [4]
Overfull \hbox (23.89333pt too wide) in paragraph at lines 805--805
[]|\TU/lmtt/m/n/10.95 model.agg.Y[model.prop.T_prime 
 []


Underfull \hbox (badness 10000) in paragraph at lines 831--834
 []\TU/lmr/bx/n/10.95 Campos atualizados e usos posteriores[] \TU/lmr/m/n/10.95
 A função atualiza \TU/lmtt/m/n/10.95 model.agg.Y_e\TU/lmr/m/n/10.95 ,
 []


Underfull \hbox (badness 1033) in paragraph at lines 831--834
\TU/lmtt/m/n/10.95 model.agg.gamma_e \TU/lmr/m/n/10.95 e \TU/lmtt/m/n/10.95 mod
el.agg.pi_e\TU/lmr/m/n/10.95 . Ela altera somente as expectativas; o PIB e a
 []

[5] [6] [7]
LaTeX Font Info:    Font shape `TU/latinmodern-math.otf(2)/b/n' will be
(Font)              scaled to size 10.95116pt on input line 1040.
LaTeX Font Info:    Font shape `TU/latinmodern-math.otf(2)/b/n' will be
(Font)              scaled to size 7.6658pt on input line 1040.
LaTeX Font Info:    Font shape `TU/latinmodern-math.otf(2)/b/n' will be
(Font)              scaled to size 5.47559pt on input line 1040.
LaTeX Font Info:    Font shape `TU/latinmodern-math.otf(3)/b/n' will be
(Font)              scaled to size 10.94882pt on input line 1040.
LaTeX Font Info:    Font shape `TU/latinmodern-math.otf(3)/b/n' will be
(Font)              scaled to size 7.66417pt on input line 1040.
LaTeX Font Info:    Font shape `TU/latinmodern-math.otf(3)/b/n' will be
(Font)              scaled to size 5.47441pt on input line 1040.
 [8] [9]
Underfull \hbox (badness 10000) in paragraph at lines 1272--1276
 []\TU/lmr/bx/n/10.95 Campos atualizados e usos posteriores[] \TU/lmr/m/n/10.95
 São atualizados \TU/lmtt/m/n/10.95 model.rotw.Y_EA\TU/lmr/m/n/10.95 ,
 []


Underfull \hbox (badness 1466) in paragraph at lines 1272--1276
\TU/lmtt/m/n/10.95 model.rotw.gamma_EA \TU/lmr/m/n/10.95 e \TU/lmtt/m/n/10.95 m
odel.rotw.pi_EA\TU/lmr/m/n/10.95 . Crescimento e inflação externos alimentam a
 []

[10] [11]
Underfull \hbox (badness 2970) in paragraph at lines 1442--1444
 []\TU/lmr/bx/n/10.95 Campos atualizados e usos posteriores[] \TU/lmr/m/n/10.95
 A função atualiza apenas a taxa básica
 []

[12] [13]
Underfull \hbox (badness 2057) in paragraph at lines 1554--1559
 []\TU/lmr/bx/n/10.95 Campos atualizados e usos posteriores[] \TU/lmr/m/n/10.95
 Os campos atualizados dependem do tipo
 []

[14] [15] [16]
ignored: Infinite glue shrinkage found in box being split [17] [18]
Overfull \hbox (92.48616pt too wide) in paragraph at lines 2015--2031
[][] 
 []

[19]
ignored: Infinite glue shrinkage found in box being split [20] [21]
ignored: Infinite glue shr
inkage found in box being split [22] [23]
Underfull \hbox (badness 10000) in paragraph at lines 2394--2397
 []\TU/lmr/bx/n/10.95 Campos atualizados e usos posteriores[] \TU/lmr/m/n/10.95
 São atualizados \TU/lmtt/m/n/10.95 model.firms.N_i \TU/lmr/m/n/10.95 e
 []

[24] [25] [26]
Overfull \hbox (52.48698pt too wide) in paragraph at lines 2642--2658
[][] 
 []

[27] [28] [29]
Overfull \hbox (75.95284pt too wide) in paragraph at lines 2840--2856
[][] 
 []


Underfull \hbox (badness 1960) in paragraph at lines 2865--2867
 []\TU/lmr/bx/n/10.95 Objetivo econômico[] \TU/lmr/m/n/10.95 A função \TU/lmtt/
m/n/10.95 Bit.update_workers_wages!(model) \TU/lmr/m/n/10.95 transfere o salári
o
 []

[30] [31]
ignored: Infinite glue shrinkage found in box being split [32] [33] [34]
Overfull \hbox (32.13681pt too wide) in paragraph at lines 3223--3230
[][] 
 []

[35]
Overfull \hbox (35.39082pt too wide) in paragraph at lines 3367--3367
[]|\TU/lmtt/m/n/10.95 model.prop.gambling_income_share|  
 []


ignored: Infinite glue shrinkage found in box being split [36]
Underfull \hbox (badness 3849) in paragraph at lines 3396--3400
 []\TU/lmr/bx/n/10.95 Campos atualizados e usos posteriores[] \TU/lmr/m/n/10.95
 A função atualiza \TU/lmtt/m/n/10.95 model.w_act.C_d_h \TU/lmr/m/n/10.95 e
 []

[37]
Overfull \hbox (94.42546pt too wide) in paragraph at lines 3449--3465
[][] 
 []

[38]
Overfull \hbox (35.39082pt too wide) in paragraph at lines 3571--3571
[]|\TU/lmtt/m/n/10.95 model.prop.gambling_income_share|  
 []


ignored: Infinite glue shrinkage found in box being split [39]
Underfull \hbox (badness 1845) in paragraph at lines 3604--3607
 []\TU/lmr/bx/n/10.95 Campos atualizados e usos posteriores[] \TU/lmr/m/n/10.95
 A função atualiza \TU/lmtt/m/n/10.95 model.w_inact.C_d_h \TU/lmr/m/n/10.95 e
 []

[40]
Overfull \hbox (104.0114pt too wide) in paragraph at lines 3655--3671
[][] 
 []

[41]
ignored: Infinite glue shrinkage found in box being split [42]
Underfull \hbox (badness 3849) in paragraph at lines 3828--3831
 []\TU/lmr/bx/n/10.95 Campos atualizados e usos posteriores[] \TU/lmr/m/n/10.95
 A função atualiza \TU/lmtt/m/n/10.95 model.firms.C_d_h \TU/lmr/m/n/10.95 e
 []

[43]
Overfull \hbox (105.94487pt too wide) in paragraph at lines 3889--3905
[][] 
 []

[44] [45]
Underfull \hbox (badness 5245) in paragraph at lines 4026--4029
 []\TU/lmr/bx/n/10.95 Campos atualizados e usos posteriores[] \TU/lmr/m/n/10.95
 A função atualiza \TU/lmtt/m/n/10.95 model.bank.C_d_h \TU/lmr/m/n/10.95 e
 []


Overfull \hbox (19.1294pt too wide) in paragraph at lines 4068--4075
[][] 
 []

[46]
Overfull \hbox (18.14458pt too wide) in paragraph at lines 4168--4168
[]|\TU/lmtt/m/n/10.95 government_consumption_before|  
 []

[47]
Underfull \hbox (badness 10000) in paragraph at lines 4201--4204
 []\TU/lmr/bx/n/10.95 Campos atualizados e usos posteriores[] \TU/lmr/m/n/10.95
 A função atualiza \TU/lmtt/m/n/10.95 model.gov.C_G \TU/lmr/m/n/10.95 e
 []

[48] [49]
ignored: Infinite glue shrinkage found in box being split [50]
Underfull \hbox (badness 10000) in paragraph at lines 4447--4451
 []\TU/lmr/bx/n/10.95 Campos atualizados e usos posteriores[] \TU/lmr/m/n/10.95
 A função atualiza \TU/lmtt/m/n/10.95 model.rotw.C_E\TU/lmr/m/n/10.95 ,
 []

[51] [52] [53] [54]
ignored: Infinite glue shrinkage found in box being split [55] [56] [
57] [58]
Overfull \hbox (41.13959pt too wide) in paragraph at lines 5017--5017
[]|\TU/lmtt/m/n/10.95 model.agg.pi_[inflation_position]|  
 []

[59] [60] [61] [62] [63]
Overfull \hbox (12.29076pt too wide) in paragraph at lines 5385--5401
[][] 
 []

[64]
Overfull \hbox (12.39583pt too wide) in paragraph at lines 5489--5490
[]|\TU/lmtt/m/n/10.95 capital_formation_weights[g] 
 []


ignored: Infinite glue shrinkage found in box being split [65]
Underfull \hbox (badness 7981) in paragraph at lines 5523--5524
 []\TU/lmr/bx/n/10.95 Campos atualizados e usos posteriores[] \TU/lmr/m/n/10.95
 A função atualiza somente o escalar
 []

[66] [67] [68]
Overfull \hbox (35.39082pt too wide) in paragraph at lines 5734--5735
[]|\TU/lmtt/m/n/10.95 household_consumption_weights[g] 
 []

[69] [70] [71]
ignored: Infinite glue shrinkage found in box being split [72] [73] [74] [
75]
Overfull \hbox (32.75981pt too wide) in paragraph at lines 6188--6197
[][] 
 []

[76]
ignored: Infinite glue shrinkage found in box being split [77] [78] [79] [80] [81]
Overfull \hbox (23.89333pt too wide) in paragraph at lines 6705--6705
[]|\TU/lmtt/m/n/10.95 positive_household_deposits[h]|  
 []

[82] [83] [84] [85] [86] [87] [88] [89] [90] [91]
Overfull \hbox (104.56519pt too wide) in paragraph at lines 7403--7419
[][] 
 []

[92] [93]
Underfull \hbox (badness 10000) in paragraph at lines 7536--7540
[]\TU/lmr/m/n/10.95 Os próprios benefícios já foram atualizados anteriormente p
or
 []

[94] [95] [96] [97] [98]
Overfull \hbox (1.79086pt too wide) in paragraph at lines 7928--7944
[][] 
 []

[99] [100] [101] [102]
Overfull \hbox (35.39082pt too wide) in paragraph at lines 8291--8291
[]|\TU/lmtt/m/n/10.95 model.prop.gambling_income_share|  
 []


Overfull \hbox (64.13457pt too wide) in paragraph at lines 8293--8293
[]|\TU/lmtt/m/n/10.95 model.prop.gambling_active_worker_ids|  
 []


Overfull \hbox (75.63206pt too wide) in paragraph at lines 8295--8295
[]|\TU/lmtt/m/n/10.95 model.prop.gambling_inactive_worker_ids|  
 []


Overfull \hbox (18.14458pt too wide) in paragraph at lines 8297--8297
[]|\TU/lmtt/m/n/10.95 model.prop.gambling_owner_ids|  
 []

[103] [104] [105] [106] [107]
ignored: Infinite glue shrinkage found in box being split [
108] [109] [110] [111] [112] [113] [114]
[115] [116]
Underfull \hbox (badness 5578) in paragraph at lines 9233--9236
[]\TU/lmr/m/n/10.95 A função não calcula um depósito desejado ou esperado. Na c
élula de código,
 []

[117] [118] [119]
Underfull \hbox (badness 4634) in paragraph at lines 9522--9525
[]\TU/lmr/m/n/10.95 O proprietário do banco não paga nem recebe as transferênci
as implementadas por
 []

[120] [121] [122]
Overfull \hbox (0.89833pt too wide) in paragraph at lines 9730--9730
[]|\TU/lmtt/m/n/10.95 central_bank_equity_before|  
 []


Overfull \hbox (12.39583pt too wide) in paragraph at lines 9734--9734
[]|\TU/lmtt/m/n/10.95 expected_central_bank_profit|  
 []


Overfull \hbox (0.89833pt too wide) in paragraph at lines 9741--9741
[]|\TU/lmtt/m/n/10.95 government_interest_income|  
 []


Overfull \hbox (18.14458pt too wide) in paragraph at lines 9743--9743
[]|\TU/lmtt/m/n/10.95 commercial_bank_interest_term|  
 []


ignored: Infinite glue shrinkage found in box being split [123] [124] [125] [126]
Overfull \hbox (6.64708pt too wide) in paragraph at lines 10030--10030
[]|\TU/lmtt/m/n/10.95 total_household_consumption|  
 []


Overfull \hbox (0.89833pt too wide) in paragraph at lines 10032--10032
[]|\TU/lmtt/m/n/10.95 total_household_investment|  
 []


ignored: Infinite glue shrinkage found in box being split [127] [128] [129] [130] [131]
Overfull \hbox (6.64708pt too wide) in paragraph at lines 10379--10379
[]|\TU/lmtt/m/n/10.95 expected_government_balance|  
 []


ignored: Infinite glue shrinkage found in box being split [132] [133] [134] [135]
Overfull \hbox (118.17366pt too wide) detected at line 10663
[][][] [] [][] [] [][] [] [][] [] [][] [] [][] [] [][] [] [][] [] [][] [] [][] 
[] [][] [] [][]
 []

[136] [137] [138] [139] [140] [141] [142] [143] [144] [145]
Underfull \hbox (badness 1533) in paragraph at lines 11369--11372
[]\TU/lmr/m/n/10.95 Não existe um patrimônio desejado ou esperado calculado aqu
i. Na célula de código,
 []


Underfull \hbox (badness 4765) in paragraph at lines 11384--11387
[]\TU/lmr/m/n/10.95 Ela não altera depósitos, empréstimos ou estoques. No iníci
o do próximo passo,
 []

[146] [147]
Underfull \hbox (badness 2671) in paragraph at lines 11508--11510
 []\TU/lmr/bx/n/10.95 Objetivo econômico[] \TU/lmtt/m/n/10.95 Bit.set_rotw_depo
sits!(model) \TU/lmr/m/n/10.95 acumula o saldo financeiro das
 []


Overfull \hbox (41.13959pt too wide) in paragraph at lines 11582--11582
[]|\TU/lmtt/m/n/10.95 expected_external_position_change|  
 []

[148]
Underfull \hbox (badness 10000) in paragraph at lines 11629--11630
 []\TU/lmr/bx/n/10.95 Valores desejados, esperados e realizados[] \TU/lmr/m/n/1
0.95 Anteriormente,
 []

[149] [150] [151] [152] [153] [154] [155]
Underfull \hbox (badness 3417) in paragraph at lines 12176--12179
[]\TU/lmr/m/n/10.95 Já \TU/lmtt/m/n/10.95 model.data.nominal_gdp \TU/lmr/m/n/10
.95 e \TU/lmtt/m/n/10.95 model.data.real_gdp \TU/lmr/m/n/10.95 são calculados s
eparadamente por
 []

[156] [157] [158]
Underfull \hbox (badness 1648) in paragraph at lines 12391--12395
[]\TU/lmr/m/n/10.95 As expectativas \TU/lmtt/m/n/10.95 Y_e\TU/lmr/m/n/10.95 , \
TU/lmtt/m/n/10.95 gamma_e \TU/lmr/m/n/10.95 e \TU/lmtt/m/n/10.95 pi_e \TU/lmr/m
/n/10.95 armazenadas atualmente pertencem ao passo que
 []


Underfull \hbox (badness 1132) in paragraph at lines 12391--12395
\TU/lmr/m/n/10.95 acabou de ser concluído. A produção realizada já foi acrescen
tada a \TU/lmtt/m/n/10.95 model.agg.Y \TU/lmr/m/n/10.95 por
 []

[159] [160] [161] (./Exercicio-Exploratorio-BeforeIT-Parte-2.aux)
 ***********
LaTeX2e <2025-11-01>
L3 programming layer <2026-01-19>
 ***********


LaTeX Font Warning: Size substitutions with differences
(Font)              up to 0.475pt have occurred.


LaTeX Warning: There were undefined references.


LaTeX Warning: There were multiply-defined labels.

Package rerunfilecheck Info: File `Exercicio-Exploratorio-BeforeIT-Parte-2.out'
 has not changed.
(rerunfilecheck)             Checksum: 3DE444693497F75BD2E353385C8369B9;13639.
 ) 
Here is how much of TeX's memory you used:
 33559 strings out of 468168
 671737 string characters out of 5432816
 1282105 words of memory out of 5000000
 61735 multiletter control sequences out of 15000+600000
 637568 words of font info for 125 fonts, out of 8000000 for 9000
 1348 hyphenation exceptions out of 8191
 116i,9n,121p,539b,764s stack positions out of 10000i,1000n,20000p,200000b,200000s

Output written on Exercicio-Exploratorio-BeforeIT-Parte-2.pdf (161 pages).
