\BOOKMARK [1][-]{section.1}{\376\377\000I\000n\000t\000r\000o\000d\000u\000c\000\343\000o}{}% 1
\BOOKMARK [1][-]{section.2}{\376\377\000S\000t\000e\000p\000\040\000d\000e\000\040\000s\000i\000m\000u\000l\000a\000\347\000\343\000o\000\040\000e\000\040\000s\000u\000a\000s\000\040\000f\000u\000n\000\347\000\365\000e\000s}{}% 2
\BOOKMARK [2][-]{subsection.2.1}{\376\377\000\315\000n\000d\000i\000c\000e}{section.2}% 3
\BOOKMARK [2][-]{subsection.2.2}{\376\377\000R\000e\000f\000i\000n\000a\000n\000c\000i\000a\000m\000e\000n\000t\000o\000\040\000d\000a\000s\000\040\000e\000m\000p\000r\000e\000s\000a\000s\000\040\000i\000n\000s\000o\000l\000v\000e\000n\000t\000e\000s}{section.2}% 4
\BOOKMARK [2][-]{subsection.2.3}{\376\377\000F\000o\000r\000m\000a\000\347\000\343\000o\000\040\000d\000a\000s\000\040\000e\000x\000p\000e\000c\000t\000a\000t\000i\000v\000a\000s\000\040\000a\000g\000r\000e\000g\000a\000d\000a\000s\000\040\000d\000e\000\040\000c\000r\000e\000s\000c\000i\000m\000e\000n\000t\000o\000\040\000e\000\040\000i\000n\000f\000l\000a\000\347\000\343\000o}{section.2}% 5
\BOOKMARK [2][-]{subsection.2.4}{\376\377\000C\000o\000m\000o\000\040\000\134\000a\000l\000p\000h\000a\000\040\000e\000\040\000\134\000b\000e\000t\000a\000\040\000s\000\343\000o\000\040\000c\000a\000l\000c\000u\000l\000a\000d\000o\000s\000?}{section.2}% 6
\BOOKMARK [2][-]{subsection.2.5}{\376\377\000S\000o\000r\000t\000e\000i\000o\000\040\000d\000o\000s\000\040\000c\000h\000o\000q\000u\000e\000s\000\040\000e\000x\000t\000e\000r\000n\000o\000s}{section.2}% 7
\BOOKMARK [2][-]{subsection.2.6}{\376\377\000A\000t\000u\000a\000l\000i\000z\000a\000\347\000\343\000o\000\040\000d\000a\000\040\000e\000c\000o\000n\000o\000m\000i\000a\000\040\000d\000a\000\040\000\341\000r\000e\000a\000\040\000d\000o\000\040\000e\000u\000r\000o}{section.2}% 8
\BOOKMARK [2][-]{subsection.2.7}{\376\377\000A\000t\000u\000a\000l\000i\000z\000a\000\347\000\343\000o\000\040\000d\000a\000\040\000t\000a\000x\000a\000\040\000b\000\341\000s\000i\000c\000a\000\040\000d\000e\000\040\000j\000u\000r\000o\000s}{section.2}% 9
\BOOKMARK [2][-]{subsection.2.8}{\376\377\000A\000p\000l\000i\000c\000a\000\347\000\343\000o\000\040\000d\000e\000\040\000u\000m\000\040\000c\000h\000o\000q\000u\000e}{section.2}% 10
\BOOKMARK [2][-]{subsection.2.9}{\376\377\000A\000t\000u\000a\000l\000i\000z\000a\000\347\000\343\000o\000\040\000d\000a\000\040\000t\000a\000x\000a\000\040\000d\000e\000\040\000j\000u\000r\000o\000s\000\040\000d\000o\000\040\000b\000a\000n\000c\000o\000\040\000c\000o\000m\000e\000r\000c\000i\000a\000l}{section.2}% 11
\BOOKMARK [2][-]{subsection.2.10}{\376\377\000E\000x\000p\000e\000c\000t\000a\000t\000i\000v\000a\000s\000\040\000e\000\040\000d\000e\000c\000i\000s\000\365\000e\000s\000\040\000d\000a\000s\000\040\000e\000m\000p\000r\000e\000s\000a\000s}{section.2}% 12
\BOOKMARK [2][-]{subsection.2.11}{\376\377\000M\000e\000r\000c\000a\000d\000o\000\040\000d\000e\000\040\000c\000r\000\351\000d\000i\000t\000o}{section.2}% 13
\BOOKMARK [2][-]{subsection.2.12}{\376\377\000M\000e\000r\000c\000a\000d\000o\000\040\000d\000e\000\040\000t\000r\000a\000b\000a\000l\000h\000o}{section.2}% 14
\BOOKMARK [2][-]{subsection.2.13}{\376\377\000D\000e\000f\000i\000n\000i\000\347\000\343\000o\000\040\000d\000o\000s\000\040\000s\000a\000l\000\341\000r\000i\000o\000s\000\040\000p\000e\000l\000a\000s\000\040\000e\000m\000p\000r\000e\000s\000a\000s}{section.2}% 15
\BOOKMARK [2][-]{subsection.2.14}{\376\377\000P\000r\000o\000d\000u\000\347\000\343\000o\000\040\000d\000a\000s\000\040\000e\000m\000p\000r\000e\000s\000a\000s}{section.2}% 16
\BOOKMARK [2][-]{subsection.2.15}{\376\377\000A\000t\000u\000a\000l\000i\000z\000a\000\347\000\343\000o\000\040\000d\000o\000s\000\040\000s\000a\000l\000\341\000r\000i\000o\000s\000\040\000d\000o\000s\000\040\000t\000r\000a\000b\000a\000l\000h\000a\000d\000o\000r\000e\000s}{section.2}% 17
\BOOKMARK [2][-]{subsection.2.16}{\376\377\000A\000t\000u\000a\000l\000i\000z\000a\000\347\000\343\000o\000\040\000d\000o\000s\000\040\000b\000e\000n\000e\000f\000\355\000c\000i\000o\000s\000\040\000s\000o\000c\000i\000a\000i\000s}{section.2}% 18
\BOOKMARK [2][-]{subsection.2.17}{\376\377\000L\000u\000c\000r\000o\000\040\000e\000s\000p\000e\000r\000a\000d\000o\000\040\000d\000o\000\040\000b\000a\000n\000c\000o}{section.2}% 19
\BOOKMARK [2][-]{subsection.2.18}{\376\377\000O\000r\000\347\000a\000m\000e\000n\000t\000o\000\040\000d\000o\000s\000\040\000t\000r\000a\000b\000a\000l\000h\000a\000d\000o\000r\000e\000s\000\040\000a\000t\000i\000v\000o\000s}{section.2}% 20
\BOOKMARK [2][-]{subsection.2.19}{\376\377\000O\000r\000\347\000a\000m\000e\000n\000t\000o\000\040\000d\000a\000s\000\040\000p\000e\000s\000s\000o\000a\000s\000\040\000i\000n\000a\000t\000i\000v\000a\000s}{section.2}% 21
\BOOKMARK [2][-]{subsection.2.20}{\376\377\000O\000r\000\347\000a\000m\000e\000n\000t\000o\000\040\000d\000o\000s\000\040\000p\000r\000o\000p\000r\000i\000e\000t\000\341\000r\000i\000o\000s\000\040\000d\000a\000s\000\040\000e\000m\000p\000r\000e\000s\000a\000s}{section.2}% 22
\BOOKMARK [2][-]{subsection.2.21}{\376\377\000O\000r\000\347\000a\000m\000e\000n\000t\000o\000\040\000d\000o\000\040\000p\000r\000o\000p\000r\000i\000e\000t\000\341\000r\000i\000o\000\040\000d\000o\000\040\000b\000a\000n\000c\000o}{section.2}% 23
\BOOKMARK [2][-]{subsection.2.22}{\376\377\000O\000r\000\347\000a\000m\000e\000n\000t\000o\000\040\000d\000e\000\040\000c\000o\000n\000s\000u\000m\000o\000\040\000d\000o\000\040\000g\000o\000v\000e\000r\000n\000o}{section.2}% 24
\BOOKMARK [2][-]{subsection.2.23}{\376\377\000E\000x\000p\000o\000r\000t\000a\000\347\000\365\000e\000s\000\040\000e\000\040\000i\000m\000p\000o\000r\000t\000a\000\347\000\365\000e\000s}{section.2}% 25
\BOOKMARK [2][-]{subsection.2.24}{\376\377\000P\000a\000r\000e\000a\000m\000e\000n\000t\000o\000\040\000n\000o\000s\000\040\000m\000e\000r\000c\000a\000d\000o\000s\000\040\000d\000e\000\040\000b\000e\000n\000s}{section.2}% 26
\BOOKMARK [2][-]{subsection.2.25}{\376\377\000I\000n\000f\000l\000a\000\347\000\343\000o\000\040\000e\000\040\000\355\000n\000d\000i\000c\000e\000\040\000g\000e\000r\000a\000l\000\040\000d\000e\000\040\000p\000r\000e\000\347\000o\000s}{section.2}% 27
\BOOKMARK [2][-]{subsection.2.26}{\376\377\000\315\000n\000d\000i\000c\000e\000s\000\040\000s\000e\000t\000o\000r\000i\000a\000i\000s\000\040\000d\000e\000\040\000p\000r\000e\000\347\000o\000s}{section.2}% 28
\BOOKMARK [2][-]{subsection.2.27}{\376\377\000\315\000n\000d\000i\000c\000e\000\040\000d\000e\000\040\000p\000r\000e\000\347\000o\000s\000\040\000d\000a\000\040\000f\000o\000r\000m\000a\000\347\000\343\000o\000\040\000d\000e\000\040\000c\000a\000p\000i\000t\000a\000l}{section.2}% 29
\BOOKMARK [2][-]{subsection.2.28}{\376\377\000\315\000n\000d\000i\000c\000e\000\040\000d\000e\000\040\000p\000r\000e\000\347\000o\000s\000\040\000d\000o\000\040\000c\000o\000n\000s\000u\000m\000o\000\040\000d\000a\000s\000\040\000f\000a\000m\000\355\000l\000i\000a\000s}{section.2}% 30
\BOOKMARK [2][-]{subsection.2.29}{\376\377\000A\000t\000u\000a\000l\000i\000z\000a\000\347\000\343\000o\000\040\000d\000o\000s\000\040\000e\000s\000t\000o\000q\000u\000e\000s\000\040\000d\000a\000s\000\040\000e\000m\000p\000r\000e\000s\000a\000s}{section.2}% 31
\BOOKMARK [2][-]{subsection.2.30}{\376\377\000L\000u\000c\000r\000o\000\040\000r\000e\000a\000l\000i\000z\000a\000d\000o\000\040\000d\000a\000s\000\040\000e\000m\000p\000r\000e\000s\000a\000s}{section.2}% 32
\BOOKMARK [2][-]{subsection.2.31}{\376\377\000L\000u\000c\000r\000o\000\040\000r\000e\000a\000l\000i\000z\000a\000d\000o\000\040\000d\000o\000\040\000b\000a\000n\000c\000o}{section.2}% 33
\BOOKMARK [2][-]{subsection.2.32}{\376\377\000A\000t\000u\000a\000l\000i\000z\000a\000\347\000\343\000o\000\040\000d\000o\000\040\000p\000a\000t\000r\000i\000m\000\364\000n\000i\000o\000\040\000l\000\355\000q\000u\000i\000d\000o\000\040\000d\000o\000\040\000b\000a\000n\000c\000o}{section.2}% 34
\BOOKMARK [2][-]{subsection.2.33}{\376\377\000R\000e\000n\000d\000a\000\040\000r\000e\000a\000l\000i\000z\000a\000d\000a\000\040\000d\000o\000s\000\040\000t\000r\000a\000b\000a\000l\000h\000a\000d\000o\000r\000e\000s\000\040\000a\000t\000i\000v\000o\000s}{section.2}% 35
\BOOKMARK [2][-]{subsection.2.34}{\376\377\000R\000e\000n\000d\000a\000\040\000r\000e\000a\000l\000i\000z\000a\000d\000a\000\040\000d\000o\000s\000\040\000t\000r\000a\000b\000a\000l\000h\000a\000d\000o\000r\000e\000s\000\040\000i\000n\000a\000t\000i\000v\000o\000s}{section.2}% 36
\BOOKMARK [2][-]{subsection.2.35}{\376\377\000R\000e\000n\000d\000a\000\040\000r\000e\000a\000l\000i\000z\000a\000d\000a\000\040\000d\000o\000s\000\040\000p\000r\000o\000p\000r\000i\000e\000t\000\341\000r\000i\000o\000s\000\040\000d\000a\000s\000\040\000e\000m\000p\000r\000e\000s\000a\000s}{section.2}% 37
\BOOKMARK [2][-]{subsection.2.36}{\376\377\000R\000e\000n\000d\000a\000\040\000r\000e\000a\000l\000i\000z\000a\000d\000a\000\040\000d\000o\000\040\000p\000r\000o\000p\000r\000i\000e\000t\000\341\000r\000i\000o\000\040\000d\000o\000\040\000b\000a\000n\000c\000o}{section.2}% 38
\BOOKMARK [2][-]{subsection.2.37}{\376\377\000T\000r\000a\000n\000s\000f\000e\000r\000\352\000n\000c\000i\000a\000s\000\040\000d\000o\000\040\000m\000e\000r\000c\000a\000d\000o\000\040\000d\000e\000\040\000a\000p\000o\000s\000t\000a\000s}{section.2}% 39
\BOOKMARK [2][-]{subsection.2.38}{\376\377\000A\000t\000u\000a\000l\000i\000z\000a\000\347\000\343\000o\000\040\000d\000o\000s\000\040\000d\000e\000p\000\363\000s\000i\000t\000o\000s\000\040\000d\000o\000s\000\040\000t\000r\000a\000b\000a\000l\000h\000a\000d\000o\000r\000e\000s\000\040\000a\000t\000i\000v\000o\000s}{section.2}% 40
\BOOKMARK [2][-]{subsection.2.39}{\376\377\000A\000t\000u\000a\000l\000i\000z\000a\000\347\000\343\000o\000\040\000d\000o\000s\000\040\000d\000e\000p\000\363\000s\000i\000t\000o\000s\000\040\000d\000o\000s\000\040\000t\000r\000a\000b\000a\000l\000h\000a\000d\000o\000r\000e\000s\000\040\000i\000n\000a\000t\000i\000v\000o\000s}{section.2}% 41
\BOOKMARK [2][-]{subsection.2.40}{\376\377\000A\000t\000u\000a\000l\000i\000z\000a\000\347\000\343\000o\000\040\000d\000o\000s\000\040\000d\000e\000p\000\363\000s\000i\000t\000o\000s\000\040\000d\000o\000s\000\040\000p\000r\000o\000p\000r\000i\000e\000t\000\341\000r\000i\000o\000s\000\040\000d\000a\000s\000\040\000e\000m\000p\000r\000e\000s\000a\000s}{section.2}% 42
\BOOKMARK [2][-]{subsection.2.41}{\376\377\000A\000t\000u\000a\000l\000i\000z\000a\000\347\000\343\000o\000\040\000d\000o\000\040\000d\000e\000p\000\363\000s\000i\000t\000o\000\040\000d\000o\000\040\000p\000r\000o\000p\000r\000i\000e\000t\000\341\000r\000i\000o\000\040\000d\000o\000\040\000b\000a\000n\000c\000o}{section.2}% 43
\BOOKMARK [2][-]{subsection.2.42}{\376\377\000A\000t\000u\000a\000l\000i\000z\000a\000\347\000\343\000o\000\040\000d\000o\000\040\000p\000a\000t\000r\000i\000m\000\364\000n\000i\000o\000\040\000d\000o\000\040\000b\000a\000n\000c\000o\000\040\000c\000e\000n\000t\000r\000a\000l}{section.2}% 44
\BOOKMARK [2][-]{subsection.2.43}{\376\377\000R\000e\000c\000e\000i\000t\000a\000s\000\040\000r\000e\000a\000l\000i\000z\000a\000d\000a\000s\000\040\000d\000o\000\040\000g\000o\000v\000e\000r\000n\000o}{section.2}% 45
\BOOKMARK [2][-]{subsection.2.44}{\376\377\000A\000t\000u\000a\000l\000i\000z\000a\000\347\000\343\000o\000\040\000d\000a\000\040\000d\000\355\000v\000i\000d\000a\000\040\000p\000\372\000b\000l\000i\000c\000a}{section.2}% 46
\BOOKMARK [2][-]{subsection.2.45}{\376\377\000A\000t\000u\000a\000l\000i\000z\000a\000\347\000\343\000o\000\040\000d\000o\000s\000\040\000d\000e\000p\000\363\000s\000i\000t\000o\000s\000\040\000o\000p\000e\000r\000a\000c\000i\000o\000n\000a\000i\000s\000\040\000d\000a\000s\000\040\000e\000m\000p\000r\000e\000s\000a\000s}{section.2}% 47
\BOOKMARK [2][-]{subsection.2.46}{\376\377\000A\000t\000u\000a\000l\000i\000z\000a\000\347\000\343\000o\000\040\000d\000o\000s\000\040\000e\000m\000p\000r\000\351\000s\000t\000i\000m\000o\000s\000\040\000d\000a\000s\000\040\000e\000m\000p\000r\000e\000s\000a\000s}{section.2}% 48
\BOOKMARK [2][-]{subsection.2.47}{\376\377\000A\000t\000u\000a\000l\000i\000z\000a\000\347\000\343\000o\000\040\000d\000o\000\040\000p\000a\000t\000r\000i\000m\000\364\000n\000i\000o\000\040\000l\000\355\000q\000u\000i\000d\000o\000\040\000d\000a\000s\000\040\000e\000m\000p\000r\000e\000s\000a\000s}{section.2}% 49
\BOOKMARK [2][-]{subsection.2.48}{\376\377\000A\000t\000u\000a\000l\000i\000z\000a\000\347\000\343\000o\000\040\000d\000a\000\040\000p\000o\000s\000i\000\347\000\343\000o\000\040\000f\000i\000n\000a\000n\000c\000e\000i\000r\000a\000\040\000d\000o\000\040\000r\000e\000s\000t\000o\000\040\000d\000o\000\040\000m\000u\000n\000d\000o}{section.2}% 50
\BOOKMARK [2][-]{subsection.2.49}{\376\377\000A\000t\000u\000a\000l\000i\000z\000a\000\347\000\343\000o\000\040\000d\000a\000\040\000p\000o\000s\000i\000\347\000\343\000o\000\040\000l\000\355\000q\000u\000i\000d\000a\000\040\000d\000o\000\040\000b\000a\000n\000c\000o\000\040\000c\000o\000m\000e\000r\000c\000i\000a\000l}{section.2}% 51
\BOOKMARK [2][-]{subsection.2.50}{\376\377\000R\000e\000g\000i\000s\000t\000r\000o\000\040\000d\000a\000\040\000p\000r\000o\000d\000u\000\347\000\343\000o\000\040\000a\000g\000r\000e\000g\000a\000d\000a\000\040\000n\000o\000\040\000h\000i\000s\000t\000\363\000r\000i\000c\000o\000\040\000d\000o\000\040\000m\000o\000d\000e\000l\000o}{section.2}% 52
\BOOKMARK [2][-]{subsection.2.51}{\376\377\000A\000v\000a\000n\000\347\000o\000\040\000d\000o\000\040\000c\000o\000n\000t\000a\000d\000o\000r\000\040\000d\000a\000\040\000s\000i\000m\000u\000l\000a\000\347\000\343\000o}{section.2}% 53
